Archive member included to satisfy reference by file (symbol)

../ch32fun/ch32fun//../misc/libgcc.a(div.o)
                              /tmp/ccLUpfX2.ltrans0.ltrans.o (__udivsi3)

Discarded input sections

 .text          0x00000000        0x0 /tmp/ccLUpfX2.ltrans0.ltrans.o
 .data          0x00000000        0x0 /tmp/ccLUpfX2.ltrans0.ltrans.o
 .bss           0x00000000        0x0 /tmp/ccLUpfX2.ltrans0.ltrans.o
 .text._puts    0x00000000       0x40 /tmp/ccLUpfX2.ltrans0.ltrans.o
 .text.vprintf  0x00000000       0x16 /tmp/ccLUpfX2.ltrans0.ltrans.o
 .text.mini_vsnprintf
                0x00000000       0x3a /tmp/ccLUpfX2.ltrans0.ltrans.o
 .text.snprintf
                0x00000000       0x1c /tmp/ccLUpfX2.ltrans0.ltrans.o
 .text.sprintf  0x00000000       0x26 /tmp/ccLUpfX2.ltrans0.ltrans.o
 .text.memset   0x00000000       0x12 /tmp/ccLUpfX2.ltrans0.ltrans.o
 .text.strcpy   0x00000000       0x14 /tmp/ccLUpfX2.ltrans0.ltrans.o
 .text.strncpy  0x00000000       0x1c /tmp/ccLUpfX2.ltrans0.ltrans.o
 .text.strcmp   0x00000000       0x1a /tmp/ccLUpfX2.ltrans0.ltrans.o
 .text.strncmp  0x00000000       0x3c /tmp/ccLUpfX2.ltrans0.ltrans.o
 .text.strchr   0x00000000       0x16 /tmp/ccLUpfX2.ltrans0.ltrans.o
 .text.strrchr  0x00000000       0x3a /tmp/ccLUpfX2.ltrans0.ltrans.o
 .text.memcpy   0x00000000       0x1c /tmp/ccLUpfX2.ltrans0.ltrans.o
 .text.memcmp   0x00000000       0x20 /tmp/ccLUpfX2.ltrans0.ltrans.o
 .text.memmove  0x00000000       0x5e /tmp/ccLUpfX2.ltrans0.ltrans.o
 .text.memchr   0x00000000       0x1a /tmp/ccLUpfX2.ltrans0.ltrans.o
 .text.strnlen  0x00000000       0x28 /tmp/ccLUpfX2.ltrans0.ltrans.o
 .text.twoway_strstr
                0x00000000      0x22e /tmp/ccLUpfX2.ltrans0.ltrans.o
 .text.strstr   0x00000000      0x11c /tmp/ccLUpfX2.ltrans0.ltrans.o
 .rodata.puts.str1.4
                0x00000000        0x2 /tmp/ccLUpfX2.ltrans0.ltrans.o
 .text.puts     0x00000000       0x40 /tmp/ccLUpfX2.ltrans0.ltrans.o
 .text.setjmp   0x00000000       0x10 /tmp/ccLUpfX2.ltrans0.ltrans.o
 .text.longjmp  0x00000000       0x14 /tmp/ccLUpfX2.ltrans0.ltrans.o
 .text.putchar  0x00000000       0x76 /tmp/ccLUpfX2.ltrans0.ltrans.o
 .rodata.APBAHBPrescTable.lto_priv.0
                0x00000000       0x10 /tmp/ccLUpfX2.ltrans0.ltrans.o
 .rodata.ADCPrescTable.lto_priv.0
                0x00000000       0x14 /tmp/ccLUpfX2.ltrans0.ltrans.o
 .rodata.APBAHBPrescTable.lto_priv.1
                0x00000000       0x10 /tmp/ccLUpfX2.ltrans0.ltrans.o
 .rodata.ADCPrescTable.lto_priv.1
                0x00000000       0x14 /tmp/ccLUpfX2.ltrans0.ltrans.o
 .comment       0x00000000       0x27 /tmp/ccLUpfX2.ltrans0.ltrans.o
 .note.GNU-stack
                0x00000000        0x0 /tmp/ccLUpfX2.ltrans0.ltrans.o
 .comment       0x00000000       0x27 /tmp/ccoQKLNa.debug.temp.o
 .note.GNU-stack
                0x00000000        0x0 /tmp/ccoQKLNa.debug.temp.o
 .comment       0x00000000       0x27 /tmp/ccqh6Qrg.debug.temp.o
 .note.GNU-stack
                0x00000000        0x0 /tmp/ccqh6Qrg.debug.temp.o
 .data          0x00000000        0x0 ../ch32fun/ch32fun//../misc/libgcc.a(div.o)
 .bss           0x00000000        0x0 ../ch32fun/ch32fun//../misc/libgcc.a(div.o)

Memory Configuration

Name             Origin             Length             Attributes
FLASH            0x00000000         0x00004000         xr
RAM              0x20000000         0x00000800         xrw
*default*        0x00000000         0xffffffff

Linker script and memory map

LOAD /tmp/cc2VJp77.o
LOAD /tmp/ccLUpfX2.ltrans0.ltrans.o
LOAD /tmp/ccoQKLNa.debug.temp.o
LOAD /tmp/ccqh6Qrg.debug.temp.o
LOAD /tmp/ccjFz77T.o
LOAD ../ch32fun/ch32fun//../misc/libgcc.a
LOAD ../ch32fun/ch32fun//../misc/libgcc.a

.init           0x00000000       0xa0
                0x00000000                        _sinit = .
                0x00000000                        . = ALIGN (0x4)
 *(SORT_NONE(.init))
 .init          0x00000000       0x9e /tmp/ccLUpfX2.ltrans0.ltrans.o
                0x00000000                InterruptVectorDefault
                0x00000000                InterruptVector
                0x000000a0                        . = ALIGN (0x4)
 *fill*         0x0000009e        0x2 
                0x000000a0                        _einit = .

.text           0x000000a0      0x758
                0x000000a0                        . = ALIGN (0x4)
 *(.text)
 .text          0x000000a0       0x7e ../ch32fun/ch32fun//../misc/libgcc.a(div.o)
                0x000000a0                __divsi3
                0x000000a8                __hidden___udivsi3
                0x000000a8                __udivsi3
                0x000000d4                __umodsi3
                0x000000f8                __modsi3
 *(.text.*)
 .text.mini_pad
                0x0000011e       0x80 /tmp/ccLUpfX2.ltrans0.ltrans.o
 .text.PrintHex
                0x0000019e       0x5a /tmp/ccLUpfX2.ltrans0.ltrans.o
 .text.internal_handle_input.constprop.0
                0x000001f8        0xa /tmp/ccLUpfX2.ltrans0.ltrans.o
 .text._write.constprop.0
                0x00000202       0xe4 /tmp/ccLUpfX2.ltrans0.ltrans.o
 .text.__puts_uart
                0x000002e6       0x14 /tmp/ccLUpfX2.ltrans0.ltrans.o
 .text.mini_itoa.part.0
                0x000002fa       0xc6 /tmp/ccLUpfX2.ltrans0.ltrans.o
 .text.handle_reset
                0x000003c0       0x74 /tmp/ccLUpfX2.ltrans0.ltrans.o
                0x000003c0                handle_reset
 .text.vector_handler
                0x00000434       0x5a /tmp/ccLUpfX2.ltrans0.ltrans.o
                0x00000434                OPCM_IRQHandler
                0x00000434                EXTI2_IRQHandler
                0x00000434                TIM8_TRG_COM_IRQHandler
                0x00000434                TIM8_CC_IRQHandler
                0x00000434                USART_WKUP_IRQHandler
                0x00000434                UART8_IRQHandler
                0x00000434                SPI4_IRQHandler
                0x00000434                NFC_IRQHandler
                0x00000434                DFSDM0_IRQHandler
                0x00000434                TIM1_CC_IRQHandler
                0x00000434                HardFault_Handler
                0x00000434                TIM10_IRQHandler
                0x00000434                GPIOB_IRQHandler
                0x00000434                IPC_CH2_Handler
                0x00000434                USBPD_IRQHandler
                0x00000434                TIM6_IRQHandler
                0x00000434                GPIOA_IRQHandler
                0x00000434                SysTick_Handler
                0x00000434                CAN3_RX1_IRQHandler
                0x00000434                I3C_ER_IRQHandler
                0x00000434                PVD_IRQHandler
                0x00000434                SDIO_IRQHandler
                0x00000434                TIM9_BRK_IRQHandler
                0x00000434                DMA2_Channel8_IRQHandler
                0x00000434                CAN2_RX1_IRQHandler
                0x00000434                EXTI3_IRQHandler
                0x00000434                HSEM_Handler
                0x00000434                UART1_IRQHandler
                0x00000434                USBHS_IRQHandler
                0x00000434                LPTIM2_IRQHandler
                0x00000434                DMA2_Channel9_IRQHandler
                0x00000434                TIM10_CC_IRQHandler
                0x00000434                EXTI25_16_IRQHandler
                0x00000434                I2C3_ER_IRQHandler
                0x00000434                USBFS_IRQHandler
                0x00000434                UART0_IRQHandler
                0x00000434                USART8_IRQHandler
                0x00000434                EXTI0_IRQHandler
                0x00000434                I2C2_EV_IRQHandler
                0x00000434                TIM10_TRG_COM_IRQHandler
                0x00000434                LPTIM_IRQHandler
                0x00000434                CAN1_RX0_IRQHandler
                0x00000434                CAN3_SCE_IRQHandler
                0x00000434                CAN2_SCE_IRQHandler
                0x00000434                ADC1_2_IRQHandler
                0x00000434                BB_IRQHandler
                0x00000434                Break_Point_Handler
                0x00000434                IPC_CH0_Handler
                0x00000434                TIM2_CC_IRQHandler
                0x00000434                SPI1_IRQHandler
                0x00000434                USART5_IRQHandler
                0x00000434                TAMPER_IRQHandler
                0x00000434                TMR0_IRQHandler
                0x00000434                AWU_IRQHandler
                0x00000434                EXTI7_0_IRQHandler
                0x00000434                CAN2_RX0_IRQHandler
                0x00000434                OSCWakeUp_IRQHandler
                0x00000434                TIM8_UP_IRQHandler
                0x00000434                Ecall_M_Mode_Handler
                0x00000434                ECDC_IRQHandler
                0x00000434                SDMMC_IRQHandler
                0x00000434                USART7_IRQHandler
                0x00000434                DMA2_Channel2_IRQHandler
                0x00000434                DMA1_Channel4_IRQHandler
                0x00000434                ADC1_IRQHandler
                0x00000434                TIM2_BRK_IRQHandler
                0x00000434                USART6_IRQHandler
                0x00000434                CAN3_RX0_IRQHandler
                0x00000434                HSADC_IRQHandler
                0x00000434                TIM9_UP_IRQHandler
                0x00000434                USART3_IRQHandler
                0x00000434                RTC_IRQHandler
                0x00000434                DMA1_Channel7_IRQHandler
                0x00000434                LED_IRQHandler
                0x00000434                CAN1_RX1_IRQHandler
                0x00000434                DVP_IRQHandler
                0x00000434                UART5_IRQHandler
                0x00000434                USBSS_IRQHandler
                0x00000434                SWPMI_IRQHandler
                0x00000434                USBPDWakeUp_IRQHandler
                0x00000434                EXTI15_8_IRQHandler
                0x00000434                TIM4_IRQHandler
                0x00000434                DMA2_Channel1_IRQHandler
                0x00000434                SWPMI_WKUP_IRQHandler
                0x00000434                USBPD_WKUP_IRQHandler
                0x00000434                I2C1_EV_IRQHandler
                0x00000434                USBSSWakeup_IRQHandler
                0x00000434                UART2_IRQHandler
                0x00000434                USART4_IRQHandler
                0x00000434                PWMX_IRQHandler
                0x00000434                DMA1_Channel6_IRQHandler
                0x00000434                UART4_IRQHandler
                0x00000434                DMA2_Channel4_IRQHandler
                0x00000434                TIM3_IRQHandler
                0x00000434                RCC_IRQHandler
                0x00000434                TIM1_TRG_COM_IRQHandler
                0x00000434                DMA1_Channel1_IRQHandler
                0x00000434                DMA2_Channel7_IRQHandler
                0x00000434                QSPI1_IRQHandler
                0x00000434                EXTI15_10_IRQHandler
                0x00000434                ADC_IRQHandler
                0x00000434                IPC_CH3_Handler
                0x00000434                DMA1_Channel8_IRQHandler
                0x00000434                I3C_EV_IRQHandler
                0x00000434                TMR2_IRQHandler
                0x00000434                I3C_WKUP_IRQHandler
                0x00000434                DefaultIRQHandler
                0x00000434                TIM12_IRQHandler
                0x00000434                TIM7_IRQHandler
                0x00000434                CAN2_TX_IRQHandler
                0x00000434                TIM5_IRQHandler
                0x00000434                I2C3_EV_IRQHandler
                0x00000434                USB_IRQHandler
                0x00000434                EXTI9_5_IRQHandler
                0x00000434                PIOC_IRQHandler
                0x00000434                TIM9_IRQHandler
                0x00000434                LTDC_IRQHandler
                0x00000434                SAI_IRQHandler
                0x00000434                SPI2_IRQHandler
                0x00000434                OSC32KCal_IRQHandler
                0x00000434                IPC_CH1_Handler
                0x00000434                I2C_IRQHandler
                0x00000434                LPTIM1_WKUP_IRQHandler
                0x00000434                TIM10_BRK_IRQHandler
                0x00000434                TIM9_CC_IRQHandler
                0x00000434                CAN1_TX_IRQHandler
                0x00000434                DMA2_Channel5_IRQHandler
                0x00000434                USB2_IRQHandler
                0x00000434                USBHSWakeUp_IRQHandler
                0x00000434                DMA1_Channel5_IRQHandler
                0x00000434                EXTI4_IRQHandler
                0x00000434                USB_LP_CAN1_RX0_IRQHandler
                0x00000434                QSPI2_IRQHandler
                0x00000434                RNG_IRQHandler
                0x00000434                USB_HP_CAN1_TX_IRQHandler
                0x00000434                LLE_IRQHandler
                0x00000434                CMPWakeUp_IRQHandler
                0x00000434                DMA1_Channel3_IRQHandler
                0x00000434                FSMC_IRQHandler
                0x00000434                ETH_IRQHandler
                0x00000434                TIM1_UP_IRQHandler
                0x00000434                LPTIMWakeUp_IRQHandler
                0x00000434                WWDG_IRQHandler
                0x00000434                USBHSWakeup_IRQHandler
                0x00000434                DMA2_Channel11_IRQHandler
                0x00000434                WDOG_BAT_IRQHandler
                0x00000434                Ecall_U_Mode_Handler
                0x00000434                I2C4_EV_IRQHandler
                0x00000434                CAN3_TX_IRQHandler
                0x00000434                TMR3_IRQHandler
                0x00000434                DMA2_Channel6_IRQHandler
                0x00000434                TIM2_IRQHandler
                0x00000434                SW_Handler
                0x00000434                TIM1_BRK_IRQHandler
                0x00000434                GPHA_IRQHandler
                0x00000434                OPA_IRQHandler
                0x00000434                DMA2_Channel10_IRQHandler
                0x00000434                EXTI1_IRQHandler
                0x00000434                SPI0_IRQHandler
                0x00000434                USB2_HOST_IRQHandler
                0x00000434                LPTIM2_WKUP_IRQHandler
                0x00000434                RTCAlarm_IRQHandler
                0x00000434                TIM11_IRQHandler
                0x00000434                TIM10_UP_IRQHandler
                0x00000434                TIM9_TRG_COM_IRQHandler
                0x00000434                UART7_IRQHandler
                0x00000434                USART2_IRQHandler
                0x00000434                UART6_IRQHandler
                0x00000434                UHSIF_IRQHandler
                0x00000434                ETHWakeUp_IRQHandler
                0x00000434                I2C2_ER_IRQHandler
                0x00000434                DMA1_Channel2_IRQHandler
                0x00000434                TIM8_BRK_IRQHandler
                0x00000434                TIM2_TRG_IRQHandler
                0x00000434                CAN1_SCE_IRQHandler
                0x00000434                FLASH_IRQHandler
                0x00000434                USBFSWakeUp_IRQHandler
                0x00000434                USART1_IRQHandler
                0x00000434                OTG_FS_IRQHandler
                0x00000434                SPI3_IRQHandler
                0x00000434                USBFS_WakeUp_IRQHandler
                0x00000434                UART3_IRQHandler
                0x00000434                I2C1_ER_IRQHandler
                0x00000434                FMC_IRQHandler
                0x00000434                USB2_DEVICE_IRQHandler
                0x00000434                LPTIM1_IRQHandler
                0x00000434                DFSDM1_IRQHandler
                0x00000434                TMR1_IRQHandler
                0x00000434                I2C4_ER_IRQHandler
                0x00000434                SERDES_IRQHandler
                0x00000434                USBSS_LINK_IRQHandler
                0x00000434                USBWakeUp_IRQHandler
                0x00000434                DMA2_Channel3_IRQHandler
                0x00000480                NMI_Handler
                0x00000480                NMI_RCC_CSS_IRQHandler
 .text.strlen   0x0000048e       0x12 /tmp/ccLUpfX2.ltrans0.ltrans.o
                0x0000048e                strlen
 .text.mini_vpprintf
                0x000004a0      0x19e /tmp/ccLUpfX2.ltrans0.ltrans.o
 .text.printf   0x0000063e       0x22 /tmp/ccLUpfX2.ltrans0.ltrans.o
                0x0000063e                printf
 .text.SystemInit
                0x00000660       0x54 /tmp/ccLUpfX2.ltrans0.ltrans.o
                0x00000660                SystemInit
 .text.startup.main
                0x000006b4      0x140 /tmp/ccLUpfX2.ltrans0.ltrans.o
                0x000006b4                main
 *(.rodata)
 *(.rodata*)
 *fill*         0x000007f4        0x0 
 .rodata.main.str1.4
                0x000007f4        0x4 /tmp/ccLUpfX2.ltrans0.ltrans.o
 *(.gnu.linkonce.t.*)
                0x000007f8                        . = ALIGN (0x4)

.rela.dyn       0x000007f8        0x0
 .rela.text.handle_reset
                0x000007f8        0x0 /tmp/ccLUpfX2.ltrans0.ltrans.o

.fini           0x000007f8        0x0
 *(SORT_NONE(.fini))
                0x000007f8                        . = ALIGN (0x4)
                [!provide]                        PROVIDE (_etext = .)
                [!provide]                        PROVIDE (_eitcm = .)

.preinit_array  0x000007f8        0x0
                [!provide]                        PROVIDE (__preinit_array_start = .)
 *(.preinit_array)
                [!provide]                        PROVIDE (__preinit_array_end = .)

.init_array     0x000007f8        0x0
                0x000007f8                        PROVIDE (__init_array_start = .)
 *(SORT_BY_INIT_PRIORITY(.init_array.*) SORT_BY_INIT_PRIORITY(.ctors.*))
 *(.init_array EXCLUDE_FILE(*crtend?.o *crtend.o *crtbegin?.o *crtbegin.o) .ctors)
                0x000007f8                        PROVIDE (__init_array_end = .)

.fini_array     0x000007f8        0x0
                [!provide]                        PROVIDE (__fini_array_start = .)
 *(SORT_BY_INIT_PRIORITY(.fini_array.*) SORT_BY_INIT_PRIORITY(.dtors.*))
 *(.fini_array EXCLUDE_FILE(*crtend?.o *crtend.o *crtbegin?.o *crtbegin.o) .dtors)
                [!provide]                        PROVIDE (__fini_array_end = .)

.ctors
 *crtbegin.o(.ctors)
 *crtbegin?.o(.ctors)
 *(EXCLUDE_FILE(*crtend?.o *crtend.o) .ctors)
 *(SORT_BY_NAME(.ctors.*))
 *(.ctors)

.dtors
 *crtbegin.o(.dtors)
 *crtbegin?.o(.dtors)
 *(EXCLUDE_FILE(*crtend?.o *crtend.o) .dtors)
 *(SORT_BY_NAME(.dtors.*))
 *(.dtors)

.dalign         0x20000000        0x0 load address 0x000007f8
                0x20000000                        . = ALIGN (0x4)
                0x20000000                        PROVIDE (_data_vma = .)

.dlalign        0x000007f8        0x0
                0x000007f8                        . = ALIGN (0x4)
                0x000007f8                        PROVIDE (_data_lma = .)

.data           0x20000000        0x0 load address 0x000007f8
                0x20000000                        . = ALIGN (0x4)
                0x200003fc                        __global_pointer$ = (. + 0x3fc)
 *(.gnu.linkonce.r.*)
 *(.data .data.*)
 *(.gnu.linkonce.d.*)
                0x20000000                        . = ALIGN (0x8)
 *(.sdata .sdata.*)
 *(.sdata2*)
 *(.gnu.linkonce.s.*)
                0x20000000                        . = ALIGN (0x8)
 *(.srodata.cst16)
 *(.srodata.cst8)
 *(.srodata.cst4)
 *(.srodata.cst2)
 *(.srodata .srodata.*)
                0x20000000                        . = ALIGN (0x4)
                0x20000000                        PROVIDE (_edata = .)

.bss            0x20000000        0x4 load address 0x000007f8
                0x20000000                        . = ALIGN (0x4)
                0x20000000                        PROVIDE (_sbss = .)
 *(.sbss*)
 .sbss.adc_buffer
                0x20000000        0x2 /tmp/ccLUpfX2.ltrans0.ltrans.o
 *(.gnu.linkonce.sb.*)
 *(.bss*)
 *(.gnu.linkonce.b.*)
 *(COMMON*)
                0x20000004                        . = ALIGN (0x4)
 *fill*         0x20000002        0x2 
                0x20000004                        PROVIDE (_ebss = .)
                [!provide]                        PROVIDE (_end = _ebss)
                [!provide]                        PROVIDE (end = .)
                0x20000800                        PROVIDE (_eusrstack = (ORIGIN (RAM) + LENGTH (RAM)))

/DISCARD/
 *(.note .note.*)
 *(.eh_frame .eh_frame.*)
 *(.comment .comment.*)
 *(.ARM.extab* .gnu.linkonce.armextab.*)
 *(.ARM.exidx*)
OUTPUT(blink.elf elf32-littleriscv)

.riscv.attributes
                0x00000000       0x2c
 .riscv.attributes
                0x00000000       0x2c /tmp/ccLUpfX2.ltrans0.ltrans.o
 .riscv.attributes
                0x0000002c       0x1f ../ch32fun/ch32fun//../misc/libgcc.a(div.o)

.debug_info     0x00000000     0x282d
 .debug_info    0x00000000     0x1259 /tmp/ccLUpfX2.ltrans0.ltrans.o
 .debug_info    0x00001259     0x1158 /tmp/ccoQKLNa.debug.temp.o
                0x00001259                ch32fun.c.6dbb3073
 .debug_info    0x000023b1      0x41f /tmp/ccqh6Qrg.debug.temp.o
                0x000023b1                blink.c.11f1f337
 .debug_info    0x000027d0       0x5d ../ch32fun/ch32fun//../misc/libgcc.a(div.o)

.debug_abbrev   0x00000000      0x59c
 .debug_abbrev  0x00000000      0x1a9 /tmp/ccLUpfX2.ltrans0.ltrans.o
 .debug_abbrev  0x000001a9      0x27e /tmp/ccoQKLNa.debug.temp.o
 .debug_abbrev  0x00000427      0x14d /tmp/ccqh6Qrg.debug.temp.o
 .debug_abbrev  0x00000574       0x28 ../ch32fun/ch32fun//../misc/libgcc.a(div.o)

.debug_loclists
                0x00000000     0x1a84
 .debug_loclists
                0x00000000     0x1a84 /tmp/ccLUpfX2.ltrans0.ltrans.o

.debug_aranges  0x00000000      0x168
 .debug_aranges
                0x00000000      0x148 /tmp/ccLUpfX2.ltrans0.ltrans.o
 .debug_aranges
                0x00000148       0x20 ../ch32fun/ch32fun//../misc/libgcc.a(div.o)

.debug_rnglists
                0x00000000      0x1de
 .debug_rnglists
                0x00000000      0x1de /tmp/ccLUpfX2.ltrans0.ltrans.o

.debug_line     0x00000000     0x2868
 .debug_line    0x00000000     0x2640 /tmp/ccLUpfX2.ltrans0.ltrans.o
 .debug_line    0x00002640       0x76 /tmp/ccoQKLNa.debug.temp.o
 .debug_line    0x000026b6       0x5f /tmp/ccqh6Qrg.debug.temp.o
 .debug_line    0x00002715      0x153 ../ch32fun/ch32fun//../misc/libgcc.a(div.o)

.debug_str      0x00000000      0x93a
 .debug_str     0x00000000      0x93a /tmp/ccLUpfX2.ltrans0.ltrans.o
                                0x1a1 (size before relaxing)
 .debug_str     0x0000093a        0x0 /tmp/ccoQKLNa.debug.temp.o
                                0x755 (size before relaxing)
 .debug_str     0x0000093a        0x0 /tmp/ccqh6Qrg.debug.temp.o
                                0x358 (size before relaxing)
 .debug_str     0x0000093a        0x0 ../ch32fun/ch32fun//../misc/libgcc.a(div.o)
                                 0xd9 (size before relaxing)

.debug_line_str
                0x00000000      0x1f7
 .debug_line_str
                0x00000000      0x1f7 /tmp/ccLUpfX2.ltrans0.ltrans.o
                                 0xa8 (size before relaxing)
 .debug_line_str
                0x000001f7        0x0 /tmp/ccoQKLNa.debug.temp.o
                                0x14f (size before relaxing)
 .debug_line_str
                0x000001f7        0x0 /tmp/ccqh6Qrg.debug.temp.o
                                 0xd8 (size before relaxing)
 .debug_line_str
                0x000001f7        0x0 ../ch32fun/ch32fun//../misc/libgcc.a(div.o)
                                 0x92 (size before relaxing)

.debug_frame    0x00000000      0x384
 .debug_frame   0x00000000      0x384 /tmp/ccLUpfX2.ltrans0.ltrans.o
