Archive member included to satisfy reference by file (symbol)

../ch32fun/ch32fun//../misc/libgcc.a(div.o)
                              /tmp/cc3Q0McH.ltrans0.ltrans.o (__udivsi3)

Discarded input sections

 .text          0x00000000        0x0 /tmp/cc3Q0McH.ltrans0.ltrans.o
 .data          0x00000000        0x0 /tmp/cc3Q0McH.ltrans0.ltrans.o
 .bss           0x00000000        0x0 /tmp/cc3Q0McH.ltrans0.ltrans.o
 .text._puts    0x00000000       0x40 /tmp/cc3Q0McH.ltrans0.ltrans.o
 .text.vprintf  0x00000000       0x16 /tmp/cc3Q0McH.ltrans0.ltrans.o
 .text.mini_vsnprintf
                0x00000000       0x3a /tmp/cc3Q0McH.ltrans0.ltrans.o
 .text.snprintf
                0x00000000       0x1c /tmp/cc3Q0McH.ltrans0.ltrans.o
 .text.sprintf  0x00000000       0x26 /tmp/cc3Q0McH.ltrans0.ltrans.o
 .text.memset   0x00000000       0x12 /tmp/cc3Q0McH.ltrans0.ltrans.o
 .text.strcpy   0x00000000       0x14 /tmp/cc3Q0McH.ltrans0.ltrans.o
 .text.strncpy  0x00000000       0x1c /tmp/cc3Q0McH.ltrans0.ltrans.o
 .text.strcmp   0x00000000       0x1a /tmp/cc3Q0McH.ltrans0.ltrans.o
 .text.strncmp  0x00000000       0x3c /tmp/cc3Q0McH.ltrans0.ltrans.o
 .text.strchr   0x00000000       0x16 /tmp/cc3Q0McH.ltrans0.ltrans.o
 .text.strrchr  0x00000000       0x3a /tmp/cc3Q0McH.ltrans0.ltrans.o
 .text.memcpy   0x00000000       0x1c /tmp/cc3Q0McH.ltrans0.ltrans.o
 .text.memcmp   0x00000000       0x20 /tmp/cc3Q0McH.ltrans0.ltrans.o
 .text.memmove  0x00000000       0x5e /tmp/cc3Q0McH.ltrans0.ltrans.o
 .text.memchr   0x00000000       0x1a /tmp/cc3Q0McH.ltrans0.ltrans.o
 .text.strnlen  0x00000000       0x28 /tmp/cc3Q0McH.ltrans0.ltrans.o
 .text.twoway_strstr
                0x00000000      0x22e /tmp/cc3Q0McH.ltrans0.ltrans.o
 .text.strstr   0x00000000      0x11c /tmp/cc3Q0McH.ltrans0.ltrans.o
 .rodata.puts.str1.4
                0x00000000        0x2 /tmp/cc3Q0McH.ltrans0.ltrans.o
 .text.puts     0x00000000       0x40 /tmp/cc3Q0McH.ltrans0.ltrans.o
 .text.setjmp   0x00000000       0x10 /tmp/cc3Q0McH.ltrans0.ltrans.o
 .text.longjmp  0x00000000       0x14 /tmp/cc3Q0McH.ltrans0.ltrans.o
 .text.putchar  0x00000000       0x76 /tmp/cc3Q0McH.ltrans0.ltrans.o
 .rodata.APBAHBPrescTable.lto_priv.0
                0x00000000       0x10 /tmp/cc3Q0McH.ltrans0.ltrans.o
 .rodata.ADCPrescTable.lto_priv.0
                0x00000000       0x14 /tmp/cc3Q0McH.ltrans0.ltrans.o
 .rodata.APBAHBPrescTable.lto_priv.1
                0x00000000       0x10 /tmp/cc3Q0McH.ltrans0.ltrans.o
 .rodata.ADCPrescTable.lto_priv.1
                0x00000000       0x14 /tmp/cc3Q0McH.ltrans0.ltrans.o
 .sbss.adc_buffer
                0x00000000        0x2 /tmp/cc3Q0McH.ltrans0.ltrans.o
 .comment       0x00000000       0x27 /tmp/cc3Q0McH.ltrans0.ltrans.o
 .note.GNU-stack
                0x00000000        0x0 /tmp/cc3Q0McH.ltrans0.ltrans.o
 .comment       0x00000000       0x27 /tmp/ccKfa0kq.debug.temp.o
 .note.GNU-stack
                0x00000000        0x0 /tmp/ccKfa0kq.debug.temp.o
 .comment       0x00000000       0x27 /tmp/cc4Tcels.debug.temp.o
 .note.GNU-stack
                0x00000000        0x0 /tmp/cc4Tcels.debug.temp.o
 .data          0x00000000        0x0 ../ch32fun/ch32fun//../misc/libgcc.a(div.o)
 .bss           0x00000000        0x0 ../ch32fun/ch32fun//../misc/libgcc.a(div.o)

Memory Configuration

Name             Origin             Length             Attributes
FLASH            0x00000000         0x00004000         xr
RAM              0x20000000         0x00000800         xrw
*default*        0x00000000         0xffffffff

Linker script and memory map

LOAD /tmp/cceUgc3S.o
LOAD /tmp/cc3Q0McH.ltrans0.ltrans.o
LOAD /tmp/ccKfa0kq.debug.temp.o
LOAD /tmp/cc4Tcels.debug.temp.o
LOAD /tmp/cchBW0Td.o
LOAD ../ch32fun/ch32fun//../misc/libgcc.a
LOAD ../ch32fun/ch32fun//../misc/libgcc.a

.init           0x00000000       0xa0
                0x00000000                        _sinit = .
                0x00000000                        . = ALIGN (0x4)
 *(SORT_NONE(.init))
 .init          0x00000000       0x9e /tmp/cc3Q0McH.ltrans0.ltrans.o
                0x00000000                InterruptVectorDefault
                0x00000000                InterruptVector
                0x000000a0                        . = ALIGN (0x4)
 *fill*         0x0000009e        0x2 
                0x000000a0                        _einit = .

.text           0x000000a0      0x990
                0x000000a0                        . = ALIGN (0x4)
 *(.text)
 .text          0x000000a0       0x7e ../ch32fun/ch32fun//../misc/libgcc.a(div.o)
                0x000000a0                __divsi3
                0x000000a8                __hidden___udivsi3
                0x000000a8                __udivsi3
                0x000000d4                __umodsi3
                0x000000f8                __modsi3
 *(.text.*)
 .text.mini_pad
                0x0000011e       0x80 /tmp/cc3Q0McH.ltrans0.ltrans.o
 .text.PrintHex
                0x0000019e       0x5a /tmp/cc3Q0McH.ltrans0.ltrans.o
 .text.internal_handle_input.constprop.0
                0x000001f8        0xa /tmp/cc3Q0McH.ltrans0.ltrans.o
 .text._write.constprop.0
                0x00000202       0xe4 /tmp/cc3Q0McH.ltrans0.ltrans.o
 .text.__puts_uart
                0x000002e6       0x14 /tmp/cc3Q0McH.ltrans0.ltrans.o
 .text.DelaySysTick
                0x000002fa       0x12 /tmp/cc3Q0McH.ltrans0.ltrans.o
 .text.mini_itoa.part.0
                0x0000030c       0xc6 /tmp/cc3Q0McH.ltrans0.ltrans.o
 .text.SendStart
                0x000003d2       0x62 /tmp/cc3Q0McH.ltrans0.ltrans.o
 .text.SendStop
                0x00000434       0x66 /tmp/cc3Q0McH.ltrans0.ltrans.o
 .text.SendByte.isra.0
                0x0000049a       0xee /tmp/cc3Q0McH.ltrans0.ltrans.o
 .text.ReadByte
                0x00000588       0xf2 /tmp/cc3Q0McH.ltrans0.ltrans.o
 .text.handle_reset
                0x0000067a       0x76 /tmp/cc3Q0McH.ltrans0.ltrans.o
                0x0000067a                handle_reset
 .text.vector_handler
                0x000006f0       0x5a /tmp/cc3Q0McH.ltrans0.ltrans.o
                0x000006f0                OPCM_IRQHandler
                0x000006f0                EXTI2_IRQHandler
                0x000006f0                TIM8_TRG_COM_IRQHandler
                0x000006f0                TIM8_CC_IRQHandler
                0x000006f0                USART_WKUP_IRQHandler
                0x000006f0                UART8_IRQHandler
                0x000006f0                SPI4_IRQHandler
                0x000006f0                NFC_IRQHandler
                0x000006f0                DFSDM0_IRQHandler
                0x000006f0                TIM1_CC_IRQHandler
                0x000006f0                HardFault_Handler
                0x000006f0                TIM10_IRQHandler
                0x000006f0                GPIOB_IRQHandler
                0x000006f0                IPC_CH2_Handler
                0x000006f0                USBPD_IRQHandler
                0x000006f0                TIM6_IRQHandler
                0x000006f0                GPIOA_IRQHandler
                0x000006f0                SysTick_Handler
                0x000006f0                CAN3_RX1_IRQHandler
                0x000006f0                I3C_ER_IRQHandler
                0x000006f0                PVD_IRQHandler
                0x000006f0                SDIO_IRQHandler
                0x000006f0                TIM9_BRK_IRQHandler
                0x000006f0                DMA2_Channel8_IRQHandler
                0x000006f0                CAN2_RX1_IRQHandler
                0x000006f0                EXTI3_IRQHandler
                0x000006f0                HSEM_Handler
                0x000006f0                UART1_IRQHandler
                0x000006f0                USBHS_IRQHandler
                0x000006f0                LPTIM2_IRQHandler
                0x000006f0                DMA2_Channel9_IRQHandler
                0x000006f0                TIM10_CC_IRQHandler
                0x000006f0                EXTI25_16_IRQHandler
                0x000006f0                I2C3_ER_IRQHandler
                0x000006f0                USBFS_IRQHandler
                0x000006f0                UART0_IRQHandler
                0x000006f0                USART8_IRQHandler
                0x000006f0                EXTI0_IRQHandler
                0x000006f0                I2C2_EV_IRQHandler
                0x000006f0                TIM10_TRG_COM_IRQHandler
                0x000006f0                LPTIM_IRQHandler
                0x000006f0                CAN1_RX0_IRQHandler
                0x000006f0                CAN3_SCE_IRQHandler
                0x000006f0                CAN2_SCE_IRQHandler
                0x000006f0                ADC1_2_IRQHandler
                0x000006f0                BB_IRQHandler
                0x000006f0                Break_Point_Handler
                0x000006f0                IPC_CH0_Handler
                0x000006f0                TIM2_CC_IRQHandler
                0x000006f0                SPI1_IRQHandler
                0x000006f0                USART5_IRQHandler
                0x000006f0                TAMPER_IRQHandler
                0x000006f0                TMR0_IRQHandler
                0x000006f0                AWU_IRQHandler
                0x000006f0                EXTI7_0_IRQHandler
                0x000006f0                CAN2_RX0_IRQHandler
                0x000006f0                OSCWakeUp_IRQHandler
                0x000006f0                TIM8_UP_IRQHandler
                0x000006f0                Ecall_M_Mode_Handler
                0x000006f0                ECDC_IRQHandler
                0x000006f0                SDMMC_IRQHandler
                0x000006f0                USART7_IRQHandler
                0x000006f0                DMA2_Channel2_IRQHandler
                0x000006f0                DMA1_Channel4_IRQHandler
                0x000006f0                ADC1_IRQHandler
                0x000006f0                TIM2_BRK_IRQHandler
                0x000006f0                USART6_IRQHandler
                0x000006f0                CAN3_RX0_IRQHandler
                0x000006f0                HSADC_IRQHandler
                0x000006f0                TIM9_UP_IRQHandler
                0x000006f0                USART3_IRQHandler
                0x000006f0                RTC_IRQHandler
                0x000006f0                DMA1_Channel7_IRQHandler
                0x000006f0                LED_IRQHandler
                0x000006f0                CAN1_RX1_IRQHandler
                0x000006f0                DVP_IRQHandler
                0x000006f0                UART5_IRQHandler
                0x000006f0                USBSS_IRQHandler
                0x000006f0                SWPMI_IRQHandler
                0x000006f0                USBPDWakeUp_IRQHandler
                0x000006f0                EXTI15_8_IRQHandler
                0x000006f0                TIM4_IRQHandler
                0x000006f0                DMA2_Channel1_IRQHandler
                0x000006f0                SWPMI_WKUP_IRQHandler
                0x000006f0                USBPD_WKUP_IRQHandler
                0x000006f0                I2C1_EV_IRQHandler
                0x000006f0                USBSSWakeup_IRQHandler
                0x000006f0                UART2_IRQHandler
                0x000006f0                USART4_IRQHandler
                0x000006f0                PWMX_IRQHandler
                0x000006f0                DMA1_Channel6_IRQHandler
                0x000006f0                UART4_IRQHandler
                0x000006f0                DMA2_Channel4_IRQHandler
                0x000006f0                TIM3_IRQHandler
                0x000006f0                RCC_IRQHandler
                0x000006f0                TIM1_TRG_COM_IRQHandler
                0x000006f0                DMA1_Channel1_IRQHandler
                0x000006f0                DMA2_Channel7_IRQHandler
                0x000006f0                QSPI1_IRQHandler
                0x000006f0                EXTI15_10_IRQHandler
                0x000006f0                ADC_IRQHandler
                0x000006f0                IPC_CH3_Handler
                0x000006f0                DMA1_Channel8_IRQHandler
                0x000006f0                I3C_EV_IRQHandler
                0x000006f0                TMR2_IRQHandler
                0x000006f0                I3C_WKUP_IRQHandler
                0x000006f0                DefaultIRQHandler
                0x000006f0                TIM12_IRQHandler
                0x000006f0                TIM7_IRQHandler
                0x000006f0                CAN2_TX_IRQHandler
                0x000006f0                TIM5_IRQHandler
                0x000006f0                I2C3_EV_IRQHandler
                0x000006f0                USB_IRQHandler
                0x000006f0                EXTI9_5_IRQHandler
                0x000006f0                PIOC_IRQHandler
                0x000006f0                TIM9_IRQHandler
                0x000006f0                LTDC_IRQHandler
                0x000006f0                SAI_IRQHandler
                0x000006f0                SPI2_IRQHandler
                0x000006f0                OSC32KCal_IRQHandler
                0x000006f0                IPC_CH1_Handler
                0x000006f0                I2C_IRQHandler
                0x000006f0                LPTIM1_WKUP_IRQHandler
                0x000006f0                TIM10_BRK_IRQHandler
                0x000006f0                TIM9_CC_IRQHandler
                0x000006f0                CAN1_TX_IRQHandler
                0x000006f0                DMA2_Channel5_IRQHandler
                0x000006f0                USB2_IRQHandler
                0x000006f0                USBHSWakeUp_IRQHandler
                0x000006f0                DMA1_Channel5_IRQHandler
                0x000006f0                EXTI4_IRQHandler
                0x000006f0                USB_LP_CAN1_RX0_IRQHandler
                0x000006f0                QSPI2_IRQHandler
                0x000006f0                RNG_IRQHandler
                0x000006f0                USB_HP_CAN1_TX_IRQHandler
                0x000006f0                LLE_IRQHandler
                0x000006f0                CMPWakeUp_IRQHandler
                0x000006f0                DMA1_Channel3_IRQHandler
                0x000006f0                FSMC_IRQHandler
                0x000006f0                ETH_IRQHandler
                0x000006f0                TIM1_UP_IRQHandler
                0x000006f0                LPTIMWakeUp_IRQHandler
                0x000006f0                WWDG_IRQHandler
                0x000006f0                USBHSWakeup_IRQHandler
                0x000006f0                DMA2_Channel11_IRQHandler
                0x000006f0                WDOG_BAT_IRQHandler
                0x000006f0                Ecall_U_Mode_Handler
                0x000006f0                I2C4_EV_IRQHandler
                0x000006f0                CAN3_TX_IRQHandler
                0x000006f0                TMR3_IRQHandler
                0x000006f0                DMA2_Channel6_IRQHandler
                0x000006f0                TIM2_IRQHandler
                0x000006f0                SW_Handler
                0x000006f0                TIM1_BRK_IRQHandler
                0x000006f0                GPHA_IRQHandler
                0x000006f0                OPA_IRQHandler
                0x000006f0                DMA2_Channel10_IRQHandler
                0x000006f0                EXTI1_IRQHandler
                0x000006f0                SPI0_IRQHandler
                0x000006f0                USB2_HOST_IRQHandler
                0x000006f0                LPTIM2_WKUP_IRQHandler
                0x000006f0                RTCAlarm_IRQHandler
                0x000006f0                TIM11_IRQHandler
                0x000006f0                TIM10_UP_IRQHandler
                0x000006f0                TIM9_TRG_COM_IRQHandler
                0x000006f0                UART7_IRQHandler
                0x000006f0                USART2_IRQHandler
                0x000006f0                UART6_IRQHandler
                0x000006f0                UHSIF_IRQHandler
                0x000006f0                ETHWakeUp_IRQHandler
                0x000006f0                I2C2_ER_IRQHandler
                0x000006f0                DMA1_Channel2_IRQHandler
                0x000006f0                TIM8_BRK_IRQHandler
                0x000006f0                TIM2_TRG_IRQHandler
                0x000006f0                CAN1_SCE_IRQHandler
                0x000006f0                FLASH_IRQHandler
                0x000006f0                USBFSWakeUp_IRQHandler
                0x000006f0                USART1_IRQHandler
                0x000006f0                OTG_FS_IRQHandler
                0x000006f0                SPI3_IRQHandler
                0x000006f0                USBFS_WakeUp_IRQHandler
                0x000006f0                UART3_IRQHandler
                0x000006f0                I2C1_ER_IRQHandler
                0x000006f0                FMC_IRQHandler
                0x000006f0                USB2_DEVICE_IRQHandler
                0x000006f0                LPTIM1_IRQHandler
                0x000006f0                DFSDM1_IRQHandler
                0x000006f0                TMR1_IRQHandler
                0x000006f0                I2C4_ER_IRQHandler
                0x000006f0                SERDES_IRQHandler
                0x000006f0                USBSS_LINK_IRQHandler
                0x000006f0                USBWakeUp_IRQHandler
                0x000006f0                DMA2_Channel3_IRQHandler
                0x0000073c                NMI_Handler
                0x0000073c                NMI_RCC_CSS_IRQHandler
 .text.strlen   0x0000074a       0x12 /tmp/cc3Q0McH.ltrans0.ltrans.o
                0x0000074a                strlen
 .text.mini_vpprintf
                0x0000075c      0x1a0 /tmp/cc3Q0McH.ltrans0.ltrans.o
 .text.printf   0x000008fc       0x22 /tmp/cc3Q0McH.ltrans0.ltrans.o
                0x000008fc                printf
 .text.SystemInit
                0x0000091e       0x54 /tmp/cc3Q0McH.ltrans0.ltrans.o
                0x0000091e                SystemInit
 .text.startup.main
                0x00000972       0xb4 /tmp/cc3Q0McH.ltrans0.ltrans.o
                0x00000972                main
 *(.rodata)
 *(.rodata*)
 *fill*         0x00000a26        0x2 
 .rodata.main.str1.4
                0x00000a28        0x7 /tmp/cc3Q0McH.ltrans0.ltrans.o
 *(.gnu.linkonce.t.*)
                0x00000a30                        . = ALIGN (0x4)
 *fill*         0x00000a2f        0x1 

.rela.dyn       0x00000a30        0x0
 .rela.text.handle_reset
                0x00000a30        0x0 /tmp/cc3Q0McH.ltrans0.ltrans.o

.fini           0x00000a30        0x0
 *(SORT_NONE(.fini))
                0x00000a30                        . = ALIGN (0x4)
                [!provide]                        PROVIDE (_etext = .)
                [!provide]                        PROVIDE (_eitcm = .)

.preinit_array  0x00000a30        0x0
                [!provide]                        PROVIDE (__preinit_array_start = .)
 *(.preinit_array)
                [!provide]                        PROVIDE (__preinit_array_end = .)

.init_array     0x00000a30        0x0
                0x00000a30                        PROVIDE (__init_array_start = .)
 *(SORT_BY_INIT_PRIORITY(.init_array.*) SORT_BY_INIT_PRIORITY(.ctors.*))
 *(.init_array EXCLUDE_FILE(*crtend?.o *crtend.o *crtbegin?.o *crtbegin.o) .ctors)
                0x00000a30                        PROVIDE (__init_array_end = .)

.fini_array     0x00000a30        0x0
                [!provide]                        PROVIDE (__fini_array_start = .)
 *(SORT_BY_INIT_PRIORITY(.fini_array.*) SORT_BY_INIT_PRIORITY(.dtors.*))
 *(.fini_array EXCLUDE_FILE(*crtend?.o *crtend.o *crtbegin?.o *crtbegin.o) .dtors)
                [!provide]                        PROVIDE (__fini_array_end = .)

.ctors
 *crtbegin.o(.ctors)
 *crtbegin?.o(.ctors)
 *(EXCLUDE_FILE(*crtend?.o *crtend.o) .ctors)
 *(SORT_BY_NAME(.ctors.*))
 *(.ctors)

.dtors
 *crtbegin.o(.dtors)
 *crtbegin?.o(.dtors)
 *(EXCLUDE_FILE(*crtend?.o *crtend.o) .dtors)
 *(SORT_BY_NAME(.dtors.*))
 *(.dtors)

.dalign         0x20000000        0x0 load address 0x00000a30
                0x20000000                        . = ALIGN (0x4)
                0x20000000                        PROVIDE (_data_vma = .)

.dlalign        0x00000a30        0x0
                0x00000a30                        . = ALIGN (0x4)
                0x00000a30                        PROVIDE (_data_lma = .)

.data           0x20000000        0x0 load address 0x00000a30
                0x20000000                        . = ALIGN (0x4)
                0x200003fc                        __global_pointer$ = (. + 0x3fc)
 *(.gnu.linkonce.r.*)
 *(.data .data.*)
 *(.gnu.linkonce.d.*)
                0x20000000                        . = ALIGN (0x8)
 *(.sdata .sdata.*)
 *(.sdata2*)
 *(.gnu.linkonce.s.*)
                0x20000000                        . = ALIGN (0x8)
 *(.srodata.cst16)
 *(.srodata.cst8)
 *(.srodata.cst4)
 *(.srodata.cst2)
 *(.srodata .srodata.*)
                0x20000000                        . = ALIGN (0x4)
                0x20000000                        PROVIDE (_edata = .)

.bss            0x20000000        0x0 load address 0x00000a30
                0x20000000                        . = ALIGN (0x4)
                0x20000000                        PROVIDE (_sbss = .)
 *(.sbss*)
 *(.gnu.linkonce.sb.*)
 *(.bss*)
 *(.gnu.linkonce.b.*)
 *(COMMON*)
                0x20000000                        . = ALIGN (0x4)
                0x20000000                        PROVIDE (_ebss = .)
                [!provide]                        PROVIDE (_end = _ebss)
                [!provide]                        PROVIDE (end = .)
                0x20000800                        PROVIDE (_eusrstack = (ORIGIN (RAM) + LENGTH (RAM)))

/DISCARD/
 *(.note .note.*)
 *(.eh_frame .eh_frame.*)
 *(.comment .comment.*)
 *(.ARM.extab* .gnu.linkonce.armextab.*)
 *(.ARM.exidx*)
OUTPUT(blink.elf elf32-littleriscv)

.riscv.attributes
                0x00000000       0x2c
 .riscv.attributes
                0x00000000       0x2c /tmp/cc3Q0McH.ltrans0.ltrans.o
 .riscv.attributes
                0x0000002c       0x1f ../ch32fun/ch32fun//../misc/libgcc.a(div.o)

.debug_info     0x00000000     0x2d54
 .debug_info    0x00000000     0x1675 /tmp/cc3Q0McH.ltrans0.ltrans.o
 .debug_info    0x00001675     0x1158 /tmp/ccKfa0kq.debug.temp.o
                0x00001675                ch32fun.c.6dbb3073
 .debug_info    0x000027cd      0x52a /tmp/cc4Tcels.debug.temp.o
                0x000027cd                blink.c.62622ac4
 .debug_info    0x00002cf7       0x5d ../ch32fun/ch32fun//../misc/libgcc.a(div.o)

.debug_abbrev   0x00000000      0x64b
 .debug_abbrev  0x00000000      0x1c1 /tmp/cc3Q0McH.ltrans0.ltrans.o
 .debug_abbrev  0x000001c1      0x27e /tmp/ccKfa0kq.debug.temp.o
 .debug_abbrev  0x0000043f      0x1e4 /tmp/cc4Tcels.debug.temp.o
 .debug_abbrev  0x00000623       0x28 ../ch32fun/ch32fun//../misc/libgcc.a(div.o)

.debug_loclists
                0x00000000     0x1bbe
 .debug_loclists
                0x00000000     0x1bbe /tmp/cc3Q0McH.ltrans0.ltrans.o

.debug_aranges  0x00000000      0x190
 .debug_aranges
                0x00000000      0x170 /tmp/cc3Q0McH.ltrans0.ltrans.o
 .debug_aranges
                0x00000170       0x20 ../ch32fun/ch32fun//../misc/libgcc.a(div.o)

.debug_rnglists
                0x00000000      0x20a
 .debug_rnglists
                0x00000000      0x20a /tmp/cc3Q0McH.ltrans0.ltrans.o

.debug_line     0x00000000     0x2abd
 .debug_line    0x00000000     0x288c /tmp/cc3Q0McH.ltrans0.ltrans.o
 .debug_line    0x0000288c       0x76 /tmp/ccKfa0kq.debug.temp.o
 .debug_line    0x00002902       0x68 /tmp/cc4Tcels.debug.temp.o
 .debug_line    0x0000296a      0x153 ../ch32fun/ch32fun//../misc/libgcc.a(div.o)

.debug_str      0x00000000      0xb3b
 .debug_str     0x00000000      0xb3b /tmp/cc3Q0McH.ltrans0.ltrans.o
                                0x1a1 (size before relaxing)
 .debug_str     0x00000b3b        0x0 /tmp/ccKfa0kq.debug.temp.o
                                0x755 (size before relaxing)
 .debug_str     0x00000b3b        0x0 /tmp/cc4Tcels.debug.temp.o
                                0x56b (size before relaxing)
 .debug_str     0x00000b3b        0x0 ../ch32fun/ch32fun//../misc/libgcc.a(div.o)
                                 0xd9 (size before relaxing)

.debug_line_str
                0x00000000      0x225
 .debug_line_str
                0x00000000      0x225 /tmp/cc3Q0McH.ltrans0.ltrans.o
                                 0xd6 (size before relaxing)
 .debug_line_str
                0x00000225        0x0 /tmp/ccKfa0kq.debug.temp.o
                                0x14f (size before relaxing)
 .debug_line_str
                0x00000225        0x0 /tmp/cc4Tcels.debug.temp.o
                                0x106 (size before relaxing)
 .debug_line_str
                0x00000225        0x0 ../ch32fun/ch32fun//../misc/libgcc.a(div.o)
                                 0x92 (size before relaxing)

.debug_frame    0x00000000      0x42c
 .debug_frame   0x00000000      0x42c /tmp/cc3Q0McH.ltrans0.ltrans.o
