
blink.elf:     file format elf32-littleriscv


Disassembly of section .init:

00000000 <InterruptVector>:
	void InterruptVector()         __attribute__((naked)) __attribute((section(".init"))) __attribute((weak,alias("InterruptVectorDefault"))) __attribute((naked));
	void InterruptVectorDefault()  __attribute__((naked)) __attribute((section(".init"))) __attribute((naked));
	void InterruptVectorDefault( void )
	{
		#if !defined(FUNCONF_TINYVECTOR) || !FUNCONF_TINYVECTOR
			asm volatile( DEFAULT_INTERRUPT_VECTOR_CONTENTS );
   0:	3c00006f          	j	3c0 <handle_reset>
   4:	00000000          	.word	0x00000000
   8:	00000480          	.word	0x00000480
   c:	00000434          	.word	0x00000434
	...
  30:	00000434          	.word	0x00000434
  34:	00000000          	.word	0x00000000
  38:	00000434          	.word	0x00000434
  3c:	00000000          	.word	0x00000000
  40:	00000434          	.word	0x00000434
  44:	00000434          	.word	0x00000434
  48:	00000434          	.word	0x00000434
  4c:	00000434          	.word	0x00000434
  50:	00000434          	.word	0x00000434
  54:	00000434          	.word	0x00000434
  58:	00000434          	.word	0x00000434
  5c:	00000434          	.word	0x00000434
  60:	00000434          	.word	0x00000434
  64:	00000434          	.word	0x00000434
  68:	00000434          	.word	0x00000434
  6c:	00000434          	.word	0x00000434
  70:	00000434          	.word	0x00000434
  74:	00000434          	.word	0x00000434
  78:	00000434          	.word	0x00000434
  7c:	00000434          	.word	0x00000434
  80:	00000434          	.word	0x00000434
  84:	00000434          	.word	0x00000434
  88:	00000434          	.word	0x00000434
  8c:	00000434          	.word	0x00000434
  90:	00000434          	.word	0x00000434
  94:	00000434          	.word	0x00000434
  98:	00000434          	.word	0x00000434
  9c:	0001                	nop
	...

Disassembly of section .text:

000000a0 <__divsi3>:
  a0:	02054e63          	bltz	a0,dc <__umodsi3+0x8>
  a4:	0405c363          	bltz	a1,ea <__umodsi3+0x16>

000000a8 <__hidden___udivsi3>:
  a8:	862e                	mv	a2,a1
  aa:	85aa                	mv	a1,a0
  ac:	557d                	li	a0,-1
  ae:	c215                	beqz	a2,d2 <__hidden___udivsi3+0x2a>
  b0:	4685                	li	a3,1
  b2:	00b67863          	bgeu	a2,a1,c2 <__hidden___udivsi3+0x1a>
  b6:	00c05663          	blez	a2,c2 <__hidden___udivsi3+0x1a>
  ba:	0606                	slli	a2,a2,0x1
  bc:	0686                	slli	a3,a3,0x1
  be:	feb66ce3          	bltu	a2,a1,b6 <__hidden___udivsi3+0xe>
  c2:	4501                	li	a0,0
  c4:	00c5e463          	bltu	a1,a2,cc <__hidden___udivsi3+0x24>
  c8:	8d91                	sub	a1,a1,a2
  ca:	8d55                	or	a0,a0,a3
  cc:	8285                	srli	a3,a3,0x1
  ce:	8205                	srli	a2,a2,0x1
  d0:	faf5                	bnez	a3,c4 <__hidden___udivsi3+0x1c>
  d2:	8082                	ret

000000d4 <__umodsi3>:
  d4:	8286                	mv	t0,ra
  d6:	3fc9                	jal	a8 <__hidden___udivsi3>
  d8:	852e                	mv	a0,a1
  da:	8282                	jr	t0
  dc:	40a00533          	neg	a0,a0
  e0:	00b04763          	bgtz	a1,ee <__umodsi3+0x1a>
  e4:	40b005b3          	neg	a1,a1
  e8:	b7c1                	j	a8 <__hidden___udivsi3>
  ea:	40b005b3          	neg	a1,a1
  ee:	8286                	mv	t0,ra
  f0:	3f65                	jal	a8 <__hidden___udivsi3>
  f2:	40a00533          	neg	a0,a0
  f6:	8282                	jr	t0

000000f8 <__modsi3>:
  f8:	8286                	mv	t0,ra
  fa:	0005c763          	bltz	a1,108 <__modsi3+0x10>
  fe:	00054963          	bltz	a0,110 <__modsi3+0x18>
 102:	375d                	jal	a8 <__hidden___udivsi3>
 104:	852e                	mv	a0,a1
 106:	8282                	jr	t0
 108:	40b005b3          	neg	a1,a1
 10c:	fe055be3          	bgez	a0,102 <__modsi3+0xa>
 110:	40a00533          	neg	a0,a0
 114:	3f51                	jal	a8 <__hidden___udivsi3>
 116:	40b00533          	neg	a0,a1
 11a:	8282                	jr	t0
	...

0000011e <mini_pad>:
	if(pad_to == 0) pad_to = len;
 11e:	c699                	beqz	a3,12c <mini_pad+0xe>
	int overflow = 0;
 120:	4301                	li	t1,0
	if(len > pad_to) {
 122:	00b6d763          	bge	a3,a1,130 <mini_pad+0x12>
		len = pad_to;
 126:	85b6                	mv	a1,a3
		overflow = 1;
 128:	4305                	li	t1,1
 12a:	a019                	j	130 <mini_pad+0x12>
	int overflow = 0;
 12c:	4301                	li	t1,0
	if(pad_to == 0) pad_to = len;
 12e:	86ae                	mv	a3,a1
	for(i = pad_to - len; i > 0; i --) {
 130:	8e8d                	sub	a3,a3,a1
	char * pbuffer = buffer;
 132:	87ba                	mv	a5,a4
 134:	00d703b3          	add	t2,a4,a3
	for(i = pad_to - len; i > 0; i --) {
 138:	40f382b3          	sub	t0,t2,a5
 13c:	02504963          	bgtz	t0,16e <mini_pad+0x50>
 140:	fff6c793          	not	a5,a3
 144:	87fd                	srai	a5,a5,0x1f
 146:	8efd                	and	a3,a3,a5
 148:	96ba                	add	a3,a3,a4
 14a:	4781                	li	a5,0
	for(i = len; i > 0; i --) {
 14c:	40f58633          	sub	a2,a1,a5
 150:	02c04363          	bgtz	a2,176 <mini_pad+0x58>
 154:	fff5c793          	not	a5,a1
 158:	87fd                	srai	a5,a5,0x1f
 15a:	8dfd                	and	a1,a1,a5
 15c:	95b6                	add	a1,a1,a3
 15e:	87ae                	mv	a5,a1
	len = pbuffer - buffer;
 160:	40e58533          	sub	a0,a1,a4
			*(pbuffer-- - 1) = '*';
 164:	02a00693          	li	a3,42
	if(overflow) {
 168:	02031463          	bnez	t1,190 <mini_pad+0x72>
}
 16c:	8082                	ret
		*(pbuffer++) = pad_char;
 16e:	0785                	addi	a5,a5,1
 170:	fec78fa3          	sb	a2,-1(a5)
	for(i = pad_to - len; i > 0; i --) {
 174:	b7d1                	j	138 <mini_pad+0x1a>
		*(pbuffer++) = *(ptr++);
 176:	00f50633          	add	a2,a0,a5
 17a:	00064283          	lbu	t0,0(a2)
 17e:	00f68633          	add	a2,a3,a5
 182:	0785                	addi	a5,a5,1
 184:	00560023          	sb	t0,0(a2)
	for(i = len; i > 0; i --) {
 188:	b7d1                	j	14c <mini_pad+0x2e>
			*(pbuffer-- - 1) = '*';
 18a:	fed78fa3          	sb	a3,-1(a5)
 18e:	17fd                	addi	a5,a5,-1
		for (i = 0; i < 3 && pbuffer > buffer; i ++) {
 190:	ffd58613          	addi	a2,a1,-3
 194:	fcf60ce3          	beq	a2,a5,16c <mini_pad+0x4e>
 198:	fef769e3          	bltu	a4,a5,18a <mini_pad+0x6c>
 19c:	8082                	ret

0000019e <PrintHex>:
	while( (*DMDATA0) & 0x80 );
 19e:	e00007b7          	lui	a5,0xe0000
 1a2:	0f478793          	addi	a5,a5,244 # e00000f4 <_eusrstack+0xbffff8f4>
 1a6:	4398                	lw	a4,0(a5)
 1a8:	08077713          	andi	a4,a4,128
 1ac:	ff6d                	bnez	a4,1a6 <PrintHex+0x8>
	*DMDATA0 = 0x78302088; //" 0x"
 1ae:	78302737          	lui	a4,0x78302
 1b2:	08870713          	addi	a4,a4,136 # 78302088 <_eusrstack+0x58301888>
		while( (*DMDATA0) & 0x80 );
 1b6:	e00006b7          	lui	a3,0xe0000
	*DMDATA0 = 0x78302088; //" 0x"
 1ba:	c398                	sw	a4,0(a5)
		while( (*DMDATA0) & 0x80 );
 1bc:	0f468693          	addi	a3,a3,244 # e00000f4 <_eusrstack+0xbffff8f4>
	for( shift = 28; shift >= 0; shift -= 4 )
 1c0:	4771                	li	a4,28
		s += ( s < 10 ) ? '0' : ('a' - 10);
 1c2:	45a5                	li	a1,9
	for( shift = 28; shift >= 0; shift -= 4 )
 1c4:	5671                	li	a2,-4
		while( (*DMDATA0) & 0x80 );
 1c6:	429c                	lw	a5,0(a3)
 1c8:	0807f793          	andi	a5,a5,128
 1cc:	ffed                	bnez	a5,1c6 <PrintHex+0x28>
		int s = (n>>shift) & 0xf;
 1ce:	00e55333          	srl	t1,a0,a4
 1d2:	00f37313          	andi	t1,t1,15
		s += ( s < 10 ) ? '0' : ('a' - 10);
 1d6:	0065b7b3          	sltu	a5,a1,t1
 1da:	40f007b3          	neg	a5,a5
 1de:	0277f793          	andi	a5,a5,39
 1e2:	03078793          	addi	a5,a5,48
 1e6:	979a                	add	a5,a5,t1
		*DMDATA0 = 0x85 | (s<<8); //" 0x"
 1e8:	07a2                	slli	a5,a5,0x8
 1ea:	0857e793          	ori	a5,a5,133
 1ee:	c29c                	sw	a5,0(a3)
	for( shift = 28; shift >= 0; shift -= 4 )
 1f0:	1771                	addi	a4,a4,-4
 1f2:	fcc71ae3          	bne	a4,a2,1c6 <PrintHex+0x28>
}
 1f6:	8082                	ret

000001f8 <internal_handle_input.constprop.0>:
void handle_debug_input( int numbytes, uint8_t * data ) __attribute__((weak));
void handle_debug_input( int numbytes, uint8_t * data ) { (void)numbytes; (void)data; }

static void internal_handle_input( volatile uint32_t * dmdata0 )
{
	uint32_t dmd0 = *dmdata0;
 1f8:	e00007b7          	lui	a5,0xe0000
 1fc:	0f47a783          	lw	a5,244(a5) # e00000f4 <_eusrstack+0xbffff8f4>
	int bytes = (dmd0 & 0x3f) - 4;
	if( bytes > 0 && bytes < 16 )
	{
		handle_debug_input( bytes, ((uint8_t*)dmdata0) + 1 );
	}
}
 200:	8082                	ret

00000202 <_write.constprop.0>:
//     status word = 0xcx = timed out.
// declare as weak to allow overriding.
WEAK int _write(int fd, const char *buf, int size)
{
	(void)fd;
	if( ( *DMDATA0 & 0xc0 ) == 0xc0 ) return 0;
 202:	e00007b7          	lui	a5,0xe0000
 206:	0f478793          	addi	a5,a5,244 # e00000f4 <_eusrstack+0xbffff8f4>
 20a:	4398                	lw	a4,0(a5)
WEAK int _write(int fd, const char *buf, int size)
 20c:	1121                	addi	sp,sp,-24
 20e:	ca06                	sw	ra,20(sp)
 210:	c822                	sw	s0,16(sp)
 212:	c626                	sw	s1,12(sp)
	if( ( *DMDATA0 & 0xc0 ) == 0xc0 ) return 0;
 214:	0c077713          	andi	a4,a4,192
 218:	0c000693          	li	a3,192
 21c:	00d70b63          	beq	a4,a3,232 <_write.constprop.0+0x30>

	char buffer[4] = { 0 };
 220:	c402                	sw	zero,8(sp)
 222:	842e                	mv	s0,a1
	int place = 0;
	uint32_t lastdmd;
	uint32_t timeout = FUNCONF_DEBUGPRINTF_TIMEOUT; // Give up after ~120ms

	if( size == 0 )
 224:	eddd                	bnez	a1,2e2 <_write.constprop.0+0xe0>
	{
		lastdmd = (*DMDATA0);
 226:	439c                	lw	a5,0(a5)
		if( lastdmd && !(lastdmd&0x80) ) internal_handle_input( (uint32_t*)DMDATA0 );
 228:	c789                	beqz	a5,232 <_write.constprop.0+0x30>
 22a:	0807f793          	andi	a5,a5,128
 22e:	e391                	bnez	a5,232 <_write.constprop.0+0x30>
 230:	37e1                	jal	1f8 <internal_handle_input.constprop.0>
	if( ( *DMDATA0 & 0xc0 ) == 0xc0 ) return 0;
 232:	4401                	li	s0,0

		//buf += tosend;
		place += tosend;
	}
	return size;
}
 234:	40d2                	lw	ra,20(sp)
 236:	8522                	mv	a0,s0
 238:	4442                	lw	s0,16(sp)
 23a:	44b2                	lw	s1,12(sp)
 23c:	0161                	addi	sp,sp,24
 23e:	8082                	ret
			if( timeout-- == 0 )
 240:	177d                	addi	a4,a4,-1
 242:	ef09                	bnez	a4,25c <_write.constprop.0+0x5a>
				*DMDATA0 |= 0xc0;
 244:	4398                	lw	a4,0(a5)
 246:	0c076713          	ori	a4,a4,192
 24a:	c398                	sw	a4,0(a5)
				return 0;
 24c:	b7dd                	j	232 <_write.constprop.0+0x30>
 24e:	00100737          	lui	a4,0x100
		while( ( lastdmd = (*DMDATA0) ) & 0x80 )
 252:	e00007b7          	lui	a5,0xe0000
 256:	0705                	addi	a4,a4,1 # 100001 <blink.c.11f1f337+0xfdc50>
 258:	0f478793          	addi	a5,a5,244 # e00000f4 <_eusrstack+0xbffff8f4>
 25c:	4394                	lw	a3,0(a5)
 25e:	0806f613          	andi	a2,a3,128
 262:	fe79                	bnez	a2,240 <_write.constprop.0+0x3e>
		int tosend = size - place;
 264:	409407b3          	sub	a5,s0,s1
		if( tosend > 7 ) tosend = 7;
 268:	471d                	li	a4,7
 26a:	00f75363          	bge	a4,a5,270 <_write.constprop.0+0x6e>
 26e:	87ba                	mv	a5,a4
		if( lastdmd ) internal_handle_input( (uint32_t*)DMDATA0 );
 270:	c691                	beqz	a3,27c <_write.constprop.0+0x7a>
 272:	c22a                	sw	a0,4(sp)
 274:	c03e                	sw	a5,0(sp)
 276:	3749                	jal	1f8 <internal_handle_input.constprop.0>
 278:	4512                	lw	a0,4(sp)
 27a:	4782                	lw	a5,0(sp)
 27c:	0034                	addi	a3,sp,8
 27e:	470d                	li	a4,3
 280:	85b6                	mv	a1,a3
		while( t < tosend )
 282:	04f74663          	blt	a4,a5,2ce <_write.constprop.0+0xcc>
		*DMDATA1 = *(uint32_t*)&(buffer[0]);
 286:	46a2                	lw	a3,8(sp)
 288:	e0000737          	lui	a4,0xe0000
 28c:	0ed72c23          	sw	a3,248(a4) # e00000f8 <_eusrstack+0xbffff8f8>
 290:	009506b3          	add	a3,a0,s1
		t = 0;
 294:	4701                	li	a4,0
			buffer[t+1] = buf[t+place];
 296:	0006c303          	lbu	t1,0(a3)
 29a:	0705                	addi	a4,a4,1
 29c:	00e58633          	add	a2,a1,a4
 2a0:	00660023          	sb	t1,0(a2)
		while( t < tosend && t < 3 )
 2a4:	0685                	addi	a3,a3,1
 2a6:	00f75563          	bge	a4,a5,2b0 <_write.constprop.0+0xae>
 2aa:	ffd70613          	addi	a2,a4,-3
 2ae:	f665                	bnez	a2,296 <_write.constprop.0+0x94>
		buffer[0] = 0x80 | (tosend + 4);
 2b0:	00478713          	addi	a4,a5,4
 2b4:	f8076713          	ori	a4,a4,-128
 2b8:	00e10423          	sb	a4,8(sp)
		*DMDATA0 = *(uint32_t*)&(buffer[0]);
 2bc:	46a2                	lw	a3,8(sp)
 2be:	e0000737          	lui	a4,0xe0000
		place += tosend;
 2c2:	94be                	add	s1,s1,a5
		*DMDATA0 = *(uint32_t*)&(buffer[0]);
 2c4:	0ed72a23          	sw	a3,244(a4) # e00000f4 <_eusrstack+0xbffff8f4>
	while( place < size )
 2c8:	f884c3e3          	blt	s1,s0,24e <_write.constprop.0+0x4c>
 2cc:	b7a5                	j	234 <_write.constprop.0+0x32>
			buffer[t-3] = buf[t+place];
 2ce:	00e48633          	add	a2,s1,a4
 2d2:	962a                	add	a2,a2,a0
 2d4:	00064603          	lbu	a2,0(a2)
			t++;
 2d8:	0705                	addi	a4,a4,1
 2da:	0685                	addi	a3,a3,1
			buffer[t-3] = buf[t+place];
 2dc:	fec68fa3          	sb	a2,-1(a3)
 2e0:	b74d                	j	282 <_write.constprop.0+0x80>
 2e2:	4481                	li	s1,0
 2e4:	b7d5                	j	2c8 <_write.constprop.0+0xc6>

000002e6 <__puts_uart>:
{
 2e6:	1161                	addi	sp,sp,-8
 2e8:	c022                	sw	s0,0(sp)
 2ea:	c206                	sw	ra,4(sp)
 2ec:	842e                	mv	s0,a1
	_write( 0, s, len );
 2ee:	3f11                	jal	202 <_write.constprop.0>
}
 2f0:	4092                	lw	ra,4(sp)
 2f2:	8522                	mv	a0,s0
 2f4:	4402                	lw	s0,0(sp)
 2f6:	0121                	addi	sp,sp,8
 2f8:	8082                	ret

000002fa <mini_itoa.part.0>:
int mini_itoa(long value, unsigned int radix, int uppercase, int unsig, char *buffer)
 2fa:	1101                	addi	sp,sp,-32
 2fc:	ce06                	sw	ra,28(sp)
 2fe:	cc22                	sw	s0,24(sp)
 300:	ca26                	sw	s1,20(sp)
 302:	832a                	mv	t1,a0
	if (value < 0 && !unsig) {
 304:	08055d63          	bgez	a0,39e <mini_itoa.part.0+0xa4>
 308:	01f69793          	slli	a5,a3,0x1f
 30c:	01f7d693          	srli	a3,a5,0x1f
 310:	e6d9                	bnez	a3,39e <mini_itoa.part.0+0xa4>
		negative = 1;
 312:	4785                	li	a5,1
		value = -value;
 314:	40a00333          	neg	t1,a0
		negative = 1;
 318:	c03e                	sw	a5,0(sp)
 31a:	8a05                	andi	a2,a2,1
 31c:	06100413          	li	s0,97
 320:	c219                	beqz	a2,326 <mini_itoa.part.0+0x2c>
 322:	04100413          	li	s0,65
	int	negative = 0;
 326:	84ba                	mv	s1,a4
		*(pbuffer++) = (digit < 10 ? '0' + digit : (uppercase ? 'A' : 'a') + digit - 10);
 328:	1459                	addi	s0,s0,-10
		int digit = value % radix;
 32a:	851a                	mv	a0,t1
 32c:	c83a                	sw	a4,16(sp)
 32e:	c21a                	sw	t1,4(sp)
 330:	c62e                	sw	a1,12(sp)
 332:	c41a                	sw	t1,8(sp)
 334:	3345                	jal	d4 <__umodsi3>
		*(pbuffer++) = (digit < 10 ? '0' + digit : (uppercase ? 'A' : 'a') + digit - 10);
 336:	47a5                	li	a5,9
 338:	4322                	lw	t1,8(sp)
 33a:	45b2                	lw	a1,12(sp)
 33c:	4742                	lw	a4,16(sp)
 33e:	00850633          	add	a2,a0,s0
 342:	00a7e463          	bltu	a5,a0,34a <mini_itoa.part.0+0x50>
 346:	03050613          	addi	a2,a0,48
 34a:	00148793          	addi	a5,s1,1
		value /= radix;
 34e:	851a                	mv	a0,t1
		*(pbuffer++) = (digit < 10 ? '0' + digit : (uppercase ? 'A' : 'a') + digit - 10);
 350:	00c48023          	sb	a2,0(s1)
 354:	c83a                	sw	a4,16(sp)
 356:	c63e                	sw	a5,12(sp)
		value /= radix;
 358:	c42e                	sw	a1,8(sp)
 35a:	33b9                	jal	a8 <__hidden___udivsi3>
	} while (value > 0);
 35c:	4692                	lw	a3,4(sp)
 35e:	45a2                	lw	a1,8(sp)
 360:	47b2                	lw	a5,12(sp)
 362:	4742                	lw	a4,16(sp)
		value /= radix;
 364:	832a                	mv	t1,a0
	} while (value > 0);
 366:	02b6fe63          	bgeu	a3,a1,3a2 <mini_itoa.part.0+0xa8>
	if (negative)
 36a:	4682                	lw	a3,0(sp)
 36c:	c699                	beqz	a3,37a <mini_itoa.part.0+0x80>
		*(pbuffer++) = '-';
 36e:	02d00613          	li	a2,45
 372:	00c78023          	sb	a2,0(a5)
 376:	00248793          	addi	a5,s1,2
	len = (pbuffer - buffer);
 37a:	40e78533          	sub	a0,a5,a4
	*(pbuffer) = '\0';
 37e:	00078023          	sb	zero,0(a5)
	for (i = 0; i < len / 2; i++) {
 382:	01f55793          	srli	a5,a0,0x1f
 386:	97aa                	add	a5,a5,a0
 388:	8785                	srai	a5,a5,0x1
 38a:	00a70633          	add	a2,a4,a0
 38e:	4681                	li	a3,0
 390:	00f6cb63          	blt	a3,a5,3a6 <mini_itoa.part.0+0xac>
}
 394:	40f2                	lw	ra,28(sp)
 396:	4462                	lw	s0,24(sp)
 398:	44d2                	lw	s1,20(sp)
 39a:	6105                	addi	sp,sp,32
 39c:	8082                	ret
	int	negative = 0;
 39e:	c002                	sw	zero,0(sp)
 3a0:	bfad                	j	31a <mini_itoa.part.0+0x20>
		*(pbuffer++) = (digit < 10 ? '0' + digit : (uppercase ? 'A' : 'a') + digit - 10);
 3a2:	84be                	mv	s1,a5
 3a4:	b759                	j	32a <mini_itoa.part.0+0x30>
 3a6:	00d705b3          	add	a1,a4,a3
		buffer[i] = buffer[len-i-1];
 3aa:	fff64283          	lbu	t0,-1(a2)
		char j = buffer[i];
 3ae:	0005c303          	lbu	t1,0(a1)
	for (i = 0; i < len / 2; i++) {
 3b2:	167d                	addi	a2,a2,-1
		buffer[i] = buffer[len-i-1];
 3b4:	00558023          	sb	t0,0(a1)
		buffer[len-i-1] = j;
 3b8:	00660023          	sb	t1,0(a2)
	for (i = 0; i < len / 2; i++) {
 3bc:	0685                	addi	a3,a3,1
 3be:	bfc9                	j	390 <mini_itoa.part.0+0x96>

000003c0 <handle_reset>:
	asm volatile( "\n\
 3c0:	20000197          	auipc	gp,0x20000
 3c4:	03c18193          	addi	gp,gp,60 # 200003fc <__global_pointer$>
 3c8:	20000117          	auipc	sp,0x20000
 3cc:	43810113          	addi	sp,sp,1080 # 20000800 <_eusrstack>
 3d0:	6509                	lui	a0,0x2
 3d2:	88050513          	addi	a0,a0,-1920 # 1880 <ch32fun.c.6dbb3073+0x627>
 3d6:	30051073          	csrw	mstatus,a0
 3da:	468d                	li	a3,3
 3dc:	00000517          	auipc	a0,0x0
 3e0:	c2450513          	addi	a0,a0,-988 # 0 <InterruptVector>
 3e4:	8d55                	or	a0,a0,a3
 3e6:	30551073          	csrw	mtvec,a0
asm volatile(
 3ea:	c0418513          	addi	a0,gp,-1020 # 20000000 <adc_buffer>
 3ee:	20000597          	auipc	a1,0x20000
 3f2:	c1658593          	addi	a1,a1,-1002 # 20000004 <_ebss>
 3f6:	4601                	li	a2,0
 3f8:	00b55663          	bge	a0,a1,404 <handle_reset+0x44>
 3fc:	c110                	sw	a2,0(a0)
 3fe:	0511                	addi	a0,a0,4
 400:	feb54ee3          	blt	a0,a1,3fc <handle_reset+0x3c>
 404:	7f800513          	li	a0,2040
 408:	c0418593          	addi	a1,gp,-1020 # 20000000 <adc_buffer>
 40c:	c0418613          	addi	a2,gp,-1020 # 20000000 <adc_buffer>
 410:	00c58863          	beq	a1,a2,420 <handle_reset+0x60>
 414:	4114                	lw	a3,0(a0)
 416:	c194                	sw	a3,0(a1)
 418:	0511                	addi	a0,a0,4
 41a:	0591                	addi	a1,a1,4
 41c:	fec59ae3          	bne	a1,a2,410 <handle_reset+0x50>
	SysTick->CTLR = 1;
 420:	e000f7b7          	lui	a5,0xe000f
 424:	4705                	li	a4,1
 426:	c398                	sw	a4,0(a5)
asm volatile(
 428:	6b400793          	li	a5,1716
 42c:	34179073          	csrw	mepc,a5
 430:	30200073          	mret

00000434 <ADC1_2_IRQHandler>:

// Return the Machine Exception Program Register (MEPC)
static inline uint32_t __get_MEPC(void)
{
	uint32_t result;
	__ASM volatile( ADD_ARCH_ZICSR "csrr %0," "mepc" : "=r"(result));
 434:	34102573          	csrr	a0,mepc
	PrintHex( __get_MEPC() ); // "addr2line -e debugprintfdemo.elf 0x000007e6" ---> debugprintfdemo.c:45
 438:	339d                	jal	19e <PrintHex>
	__ASM volatile( ADD_ARCH_ZICSR "csrr %0, mstatus": "=r"(result) );
 43a:	30002573          	csrr	a0,mstatus
	PrintHex( __get_MSTATUS() );
 43e:	3385                	jal	19e <PrintHex>

// Return the Machine Trap Value Register (MTVAL)
static inline uint32_t __get_MTVAL(void)
{
	uint32_t result;
	__ASM volatile( ADD_ARCH_ZICSR "csrr %0," "mtval" : "=r" (result) );
 440:	34302573          	csrr	a0,mtval
	PrintHex( __get_MTVAL() );
 444:	3ba9                	jal	19e <PrintHex>
	__ASM volatile( ADD_ARCH_ZICSR "csrr %0," "mcause": "=r"(result));
 446:	34202573          	csrr	a0,mcause
	PrintHex( __get_MCAUSE() );
 44a:	3b91                	jal	19e <PrintHex>
	while( (*DMDATA0) & 0x80 );
 44c:	e00007b7          	lui	a5,0xe0000
 450:	0f478793          	addi	a5,a5,244 # e00000f4 <_eusrstack+0xbffff8f4>
 454:	4398                	lw	a4,0(a5)
 456:	08077713          	andi	a4,a4,128
 45a:	ff6d                	bnez	a4,454 <ADC1_2_IRQHandler+0x20>
	*DMDATA0 = 0x0a85;
 45c:	6705                	lui	a4,0x1
 45e:	a8570713          	addi	a4,a4,-1403 # a85 <_data_lma+0x28d>
 462:	c398                	sw	a4,0(a5)
	while( (*DMDATA0) & 0x80 );
 464:	e00007b7          	lui	a5,0xe0000
 468:	0f478793          	addi	a5,a5,244 # e00000f4 <_eusrstack+0xbffff8f4>
 46c:	4398                	lw	a4,0(a5)
 46e:	08077713          	andi	a4,a4,128
 472:	ff6d                	bnez	a4,46c <ADC1_2_IRQHandler+0x38>
	*DMDATA0 = 0xaaaaaa83;
 474:	aaaab737          	lui	a4,0xaaaab
 478:	a8370713          	addi	a4,a4,-1405 # aaaaaa83 <_eusrstack+0x8aaaa283>
 47c:	c398                	sw	a4,0(a5)
	asm volatile( "1: j 1b" );
 47e:	a001                	j	47e <ADC1_2_IRQHandler+0x4a>

00000480 <NMI_Handler>:
	RCC->INTR |= RCC_CSSC;	// clear the clock security int flag
 480:	40021737          	lui	a4,0x40021
 484:	471c                	lw	a5,8(a4)
 486:	008006b7          	lui	a3,0x800
 48a:	8fd5                	or	a5,a5,a3
 48c:	c71c                	sw	a5,8(a4)

0000048e <strlen>:
	for (; *s; s++);
 48e:	87aa                	mv	a5,a0
 490:	0007c703          	lbu	a4,0(a5)
 494:	e701                	bnez	a4,49c <strlen+0xe>
}
 496:	40a78533          	sub	a0,a5,a0
 49a:	8082                	ret
	for (; *s; s++);
 49c:	0785                	addi	a5,a5,1
 49e:	bfcd                	j	490 <strlen+0x2>

000004a0 <mini_vpprintf>:
{
 4a0:	fa410113          	addi	sp,sp,-92
 4a4:	caa2                	sw	s0,84(sp)
 4a6:	c8a6                	sw	s1,80(sp)
 4a8:	cc86                	sw	ra,88(sp)
 4aa:	c02a                	sw	a0,0(sp)
 4ac:	c22e                	sw	a1,4(sp)
 4ae:	8432                	mv	s0,a2
 4b0:	84b6                	mv	s1,a3
	int n = 0;
 4b2:	ca02                	sw	zero,20(sp)
	while ((ch=*(fmt++))) {
 4b4:	00044703          	lbu	a4,0(s0)
 4b8:	00e10fa3          	sb	a4,31(sp)
 4bc:	c355                	beqz	a4,560 <mini_vpprintf+0xc0>
		if (ch!='%') {
 4be:	02500693          	li	a3,37
 4c2:	00d70b63          	beq	a4,a3,4d8 <mini_vpprintf+0x38>
	while ((ch=*(fmt++))) {
 4c6:	0405                	addi	s0,s0,1
					len = puts(&ch, len, buf);
 4c8:	4612                	lw	a2,4(sp)
 4ca:	4782                	lw	a5,0(sp)
 4cc:	4585                	li	a1,1
 4ce:	01f10513          	addi	a0,sp,31
 4d2:	9782                	jalr	a5
					break;
 4d4:	c426                	sw	s1,8(sp)
 4d6:	a221                	j	5de <mini_vpprintf+0x13e>
			ch=*(fmt++);
 4d8:	00144703          	lbu	a4,1(s0)
			if (ch == '0') pad_char = '0';
 4dc:	03000613          	li	a2,48
			ch=*(fmt++);
 4e0:	00240693          	addi	a3,s0,2
 4e4:	00e10fa3          	sb	a4,31(sp)
			if (ch == '0') pad_char = '0';
 4e8:	c63a                	sw	a4,12(sp)
 4ea:	08c71263          	bne	a4,a2,56e <mini_vpprintf+0xce>
				ch=*(fmt++);
 4ee:	8436                	mv	s0,a3
 4f0:	4601                	li	a2,0
 4f2:	4681                	li	a3,0
			while (ch >= '0' && ch <= '9') {
 4f4:	4525                	li	a0,9
 4f6:	a819                	j	50c <mini_vpprintf+0x6c>
				pad_to = pad_to * 10 + (ch - '0');
 4f8:	00269713          	slli	a4,a3,0x2
 4fc:	9736                	add	a4,a4,a3
 4fe:	0706                	slli	a4,a4,0x1
				ch=*(fmt++);
 500:	0405                	addi	s0,s0,1
				pad_to = pad_to * 10 + (ch - '0');
 502:	00e586b3          	add	a3,a1,a4
				ch=*(fmt++);
 506:	fff44703          	lbu	a4,-1(s0)
 50a:	4605                	li	a2,1
			while (ch >= '0' && ch <= '9') {
 50c:	fd070593          	addi	a1,a4,-48 # 40020fd0 <_eusrstack+0x200207d0>
 510:	0ff5f313          	zext.b	t1,a1
 514:	fe6572e3          	bgeu	a0,t1,4f8 <mini_vpprintf+0x58>
 518:	c219                	beqz	a2,51e <mini_vpprintf+0x7e>
 51a:	00e10fa3          	sb	a4,31(sp)
			if(pad_to > (signed int) sizeof(bf)) {
 51e:	c836                	sw	a3,16(sp)
 520:	4661                	li	a2,24
 522:	00d65363          	bge	a2,a3,528 <mini_vpprintf+0x88>
 526:	c832                	sw	a2,16(sp)
			if (ch == 'l') {
 528:	06c00613          	li	a2,108
			char l = 0;
 52c:	4581                	li	a1,0
			if (ch == 'l') {
 52e:	00c71863          	bne	a4,a2,53e <mini_vpprintf+0x9e>
				ch=*(fmt++);
 532:	00044703          	lbu	a4,0(s0)
				l = 1;
 536:	4585                	li	a1,1
				ch=*(fmt++);
 538:	0405                	addi	s0,s0,1
 53a:	00e10fa3          	sb	a4,31(sp)
			switch (ch) {
 53e:	01f14603          	lbu	a2,31(sp)
 542:	06400713          	li	a4,100
 546:	06e60463          	beq	a2,a4,5ae <mini_vpprintf+0x10e>
 54a:	02c76663          	bltu	a4,a2,576 <mini_vpprintf+0xd6>
 54e:	05800713          	li	a4,88
 552:	0ae60563          	beq	a2,a4,5fc <mini_vpprintf+0x15c>
 556:	06300713          	li	a4,99
 55a:	0ce60263          	beq	a2,a4,61e <mini_vpprintf+0x17e>
 55e:	f62d                	bnez	a2,4c8 <mini_vpprintf+0x28>
}
 560:	40e6                	lw	ra,88(sp)
 562:	4456                	lw	s0,84(sp)
 564:	4552                	lw	a0,20(sp)
 566:	44c6                	lw	s1,80(sp)
 568:	05c10113          	addi	sp,sp,92
 56c:	8082                	ret
			char pad_char = ' ';
 56e:	02000793          	li	a5,32
 572:	c63e                	sw	a5,12(sp)
 574:	bfad                	j	4ee <mini_vpprintf+0x4e>
			switch (ch) {
 576:	07500713          	li	a4,117
 57a:	02e60a63          	beq	a2,a4,5ae <mini_vpprintf+0x10e>
 57e:	07800713          	li	a4,120
 582:	06e60d63          	beq	a2,a4,5fc <mini_vpprintf+0x15c>
 586:	07300713          	li	a4,115
 58a:	f2e61fe3          	bne	a2,a4,4c8 <mini_vpprintf+0x28>
					ptr = va_arg(va, char*);
 58e:	00448793          	addi	a5,s1,4
 592:	4084                	lw	s1,0(s1)
 594:	cc36                	sw	a3,24(sp)
 596:	c43e                	sw	a5,8(sp)
					len = mini_strlen(ptr);
 598:	8526                	mv	a0,s1
 59a:	3dd5                	jal	48e <strlen>
					if (pad_to > 0) {
 59c:	46e2                	lw	a3,24(sp)
					len = mini_strlen(ptr);
 59e:	85aa                	mv	a1,a0
					if (pad_to > 0) {
 5a0:	08d05c63          	blez	a3,638 <mini_vpprintf+0x198>
						len = mini_pad(ptr, len, pad_char, pad_to, bf);
 5a4:	46c2                	lw	a3,16(sp)
 5a6:	4632                	lw	a2,12(sp)
 5a8:	1838                	addi	a4,sp,56
 5aa:	8526                	mv	a0,s1
 5ac:	a01d                	j	5d2 <mini_vpprintf+0x132>
						len = mini_itoa(va_arg(va, unsigned long), 10, 0, (ch=='u'), bf2);
 5ae:	00448793          	addi	a5,s1,4
 5b2:	c43e                	sw	a5,8(sp)
					if(l) {
 5b4:	c995                	beqz	a1,5e8 <mini_vpprintf+0x148>
						len = mini_itoa(va_arg(va, unsigned long), 10, 0, (ch=='u'), bf2);
 5b6:	f8b60613          	addi	a2,a2,-117
 5ba:	1018                	addi	a4,sp,32
 5bc:	00163693          	seqz	a3,a2
 5c0:	4088                	lw	a0,0(s1)
 5c2:	4601                	li	a2,0
 5c4:	45a9                	li	a1,10
 5c6:	3b15                	jal	2fa <mini_itoa.part.0>
					len = mini_pad(bf2, len, pad_char, pad_to, bf);
 5c8:	46c2                	lw	a3,16(sp)
 5ca:	4632                	lw	a2,12(sp)
 5cc:	1838                	addi	a4,sp,56
 5ce:	85aa                	mv	a1,a0
 5d0:	1008                	addi	a0,sp,32
 5d2:	36b1                	jal	11e <mini_pad>
					len = puts(bf, len, buf);
 5d4:	4612                	lw	a2,4(sp)
					len = mini_pad(bf2, len, pad_char, pad_to, bf);
 5d6:	85aa                	mv	a1,a0
					len = puts(bf, len, buf);
 5d8:	1828                	addi	a0,sp,56
						len = puts(ptr, len, buf);
 5da:	4782                	lw	a5,0(sp)
 5dc:	9782                	jalr	a5
		n = n + len;
 5de:	47d2                	lw	a5,20(sp)
 5e0:	44a2                	lw	s1,8(sp)
 5e2:	97aa                	add	a5,a5,a0
 5e4:	ca3e                	sw	a5,20(sp)
 5e6:	b5f9                	j	4b4 <mini_vpprintf+0x14>
						if(ch == 'u') {
 5e8:	07500713          	li	a4,117
 5ec:	00e61563          	bne	a2,a4,5f6 <mini_vpprintf+0x156>
	if (radix > 16)
 5f0:	1018                	addi	a4,sp,32
 5f2:	4685                	li	a3,1
 5f4:	b7f1                	j	5c0 <mini_vpprintf+0x120>
 5f6:	1018                	addi	a4,sp,32
 5f8:	4681                	li	a3,0
 5fa:	b7d9                	j	5c0 <mini_vpprintf+0x120>
					if(l) {
 5fc:	4088                	lw	a0,0(s1)
						len = mini_itoa(va_arg(va, unsigned long), 16, (ch=='X'), 1, bf2);
 5fe:	fa860613          	addi	a2,a2,-88
						len = mini_itoa(va_arg(va, unsigned long), 10, 0, (ch=='u'), bf2);
 602:	00448793          	addi	a5,s1,4
 606:	1018                	addi	a4,sp,32
 608:	4685                	li	a3,1
 60a:	00163613          	seqz	a2,a2
 60e:	45c1                	li	a1,16
 610:	c43e                	sw	a5,8(sp)
	if (radix > 16)
 612:	31e5                	jal	2fa <mini_itoa.part.0>
					len = mini_pad(bf2, len, pad_char, pad_to, bf);
 614:	46c2                	lw	a3,16(sp)
 616:	4632                	lw	a2,12(sp)
 618:	85aa                	mv	a1,a0
 61a:	1838                	addi	a4,sp,56
 61c:	bf55                	j	5d0 <mini_vpprintf+0x130>
					ch = (char)(va_arg(va, int));
 61e:	00448793          	addi	a5,s1,4
 622:	c43e                	sw	a5,8(sp)
 624:	409c                	lw	a5,0(s1)
					len = mini_pad(&ch, 1, pad_char, pad_to, bf);
 626:	46c2                	lw	a3,16(sp)
 628:	4632                	lw	a2,12(sp)
					ch = (char)(va_arg(va, int));
 62a:	00f10fa3          	sb	a5,31(sp)
					len = mini_pad(&ch, 1, pad_char, pad_to, bf);
 62e:	1838                	addi	a4,sp,56
 630:	4585                	li	a1,1
 632:	01f10513          	addi	a0,sp,31
 636:	bf71                	j	5d2 <mini_vpprintf+0x132>
						len = puts(ptr, len, buf);
 638:	4612                	lw	a2,4(sp)
 63a:	8526                	mv	a0,s1
 63c:	bf79                	j	5da <mini_vpprintf+0x13a>

0000063e <printf>:
{
 63e:	1111                	addi	sp,sp,-28
 640:	c632                	sw	a2,12(sp)
	int ret_status = mini_vpprintf(__puts_uart, 0, format, args);
 642:	862a                	mv	a2,a0
{
 644:	c42e                	sw	a1,8(sp)
 646:	c836                	sw	a3,16(sp)
	int ret_status = mini_vpprintf(__puts_uart, 0, format, args);
 648:	4581                	li	a1,0
	va_start( args, format );
 64a:	0034                	addi	a3,sp,8
	int ret_status = mini_vpprintf(__puts_uart, 0, format, args);
 64c:	2e600513          	li	a0,742
{
 650:	c206                	sw	ra,4(sp)
 652:	ca3a                	sw	a4,20(sp)
 654:	cc3e                	sw	a5,24(sp)
	va_start( args, format );
 656:	c036                	sw	a3,0(sp)
	int ret_status = mini_vpprintf(__puts_uart, 0, format, args);
 658:	35a1                	jal	4a0 <mini_vpprintf>
}
 65a:	4092                	lw	ra,4(sp)
 65c:	0171                	addi	sp,sp,28
 65e:	8082                	ret

00000660 <SystemInit>:
//#define BASE_CTLR	(((FUNCONF_HSITRIM) << 3) | HSEBYP | RCC_CSS)	// disable HSI in HSE modes

	// Flash latency settings.
#if defined(CH32V003)
	#if FUNCONF_SYSTEM_CORE_CLOCK > 25000000
		FLASH->ACTLR = FLASH_ACTLR_LATENCY_1;               // +1 Cycle Latency
 660:	400227b7          	lui	a5,0x40022
 664:	4705                	li	a4,1
 666:	c398                	sw	a4,0(a5)
#elif defined(FUNCONF_USE_HSI) && FUNCONF_USE_HSI
	#if defined(CH32V30x) || defined(CH32V20x) || defined(CH32L103) || defined(CH32V10x)
		EXTEN->EXTEN_CTR |= EXTEN_PLL_HSI_PRE;
	#endif
	#if defined(FUNCONF_USE_PLL) && FUNCONF_USE_PLL
		RCC->CFGR0 = BASE_CFGR0;
 668:	400217b7          	lui	a5,0x40021
		RCC->CTLR  = BASE_CTLR | RCC_HSION | RCC_PLLON; 			// Use HSI, enable PLL.
 66c:	01080737          	lui	a4,0x1080
		RCC->CFGR0 = BASE_CFGR0;
 670:	0007a223          	sw	zero,4(a5) # 40021004 <_eusrstack+0x20020804>
		RCC->CTLR  = BASE_CTLR | RCC_HSION | RCC_PLLON; 			// Use HSI, enable PLL.
 674:	08170713          	addi	a4,a4,129 # 1080081 <blink.c.11f1f337+0x107dcd0>
 678:	c398                	sw	a4,0(a5)
		FLASH->ACTLR = FLASH_ACTLR_LATENCY_0;
	#endif
#endif

#ifndef CH5xx
	RCC->INTR  = 0x009F0000;                               // Clear PLL, CSSC, HSE, HSI and LSI ready flags.
 67a:	009f0737          	lui	a4,0x9f0
 67e:	c798                	sw	a4,8(a5)
#endif

#if defined(FUNCONF_USE_PLL) && FUNCONF_USE_PLL && !defined(CH5xx)
	while((RCC->CTLR & RCC_PLLRDY) == 0) {};                       	// Wait till PLL is ready
 680:	4398                	lw	a4,0(a5)
 682:	00671693          	slli	a3,a4,0x6
 686:	fe06dde3          	bgez	a3,680 <SystemInit+0x20>
	#if defined(CH32H41x)
		RCC->PLLCFGR |= RCC_SYSPLL_GATE;
	#endif
	uint32_t tmp32 = RCC->CFGR0 & ~(0x03);							// clr the SW
 68a:	43d8                	lw	a4,4(a5)
	RCC->CFGR0 = tmp32 | RCC_SW_PLL;                       			// Select PLL as system clock source
	while ((RCC->CFGR0 & (uint32_t)RCC_SWS) != (uint32_t)0x08); 	// Wait till PLL is used as system clock source
 68c:	400216b7          	lui	a3,0x40021
	uint32_t tmp32 = RCC->CFGR0 & ~(0x03);							// clr the SW
 690:	9b71                	andi	a4,a4,-4
	RCC->CFGR0 = tmp32 | RCC_SW_PLL;                       			// Select PLL as system clock source
 692:	00276713          	ori	a4,a4,2
 696:	c3d8                	sw	a4,4(a5)
	while ((RCC->CFGR0 & (uint32_t)RCC_SWS) != (uint32_t)0x08); 	// Wait till PLL is used as system clock source
 698:	4721                	li	a4,8
 69a:	42dc                	lw	a5,4(a3)
 69c:	8bb1                	andi	a5,a5,12
 69e:	fee79ee3          	bne	a5,a4,69a <SystemInit+0x3a>
	*DMDATA1 = 0x00;
 6a2:	e00007b7          	lui	a5,0xe0000
 6a6:	0e07ac23          	sw	zero,248(a5) # e00000f8 <_eusrstack+0xbffff8f8>
	*DMDATA0 = 0x80;
 6aa:	08000713          	li	a4,128
 6ae:	0ee7aa23          	sw	a4,244(a5)
	SetupDebugPrintf();
#endif
#if defined(FUNCONF_SUPPORT_CONSTRUCTORS) && FUNCONF_SUPPORT_CONSTRUCTORS
	CallConstructors();
#endif
}
 6b2:	8082                	ret

000006b4 <main>:

#include <stdio.h>

volatile uint16_t adc_buffer[1];

int main() {
 6b4:	1161                	addi	sp,sp,-8
 6b6:	c206                	sw	ra,4(sp)
 6b8:	c022                	sw	s0,0(sp)
	SystemInit();
 6ba:	375d                	jal	660 <SystemInit>
	funGpioInitAll();
 6bc:	400217b7          	lui	a5,0x40021
 6c0:	4f98                	lw	a4,24(a5)

	RCC->CFGR0 &= ~(0x1F << 11);
 6c2:	76c1                	lui	a3,0xffff0
 6c4:	7ff68693          	addi	a3,a3,2047 # ffff07ff <_eusrstack+0xdffeffff>
	funGpioInitAll();
 6c8:	03576713          	ori	a4,a4,53
 6cc:	cf98                	sw	a4,24(a5)
	RCC->CFGR0 &= ~(0x1F << 11);
 6ce:	43d8                	lw	a4,4(a5)
	RCC->APB2PCENR |= RCC_APB2Periph_ADC1;

	// PD4 is analog input chl 7
	GPIOD->CFGLR &= ~(0xf << (4 * 4));
 6d0:	fff10637          	lui	a2,0xfff10
 6d4:	167d                	addi	a2,a2,-1 # fff0ffff <_eusrstack+0xdff0f7ff>
	RCC->CFGR0 &= ~(0x1F << 11);
 6d6:	8f75                	and	a4,a4,a3
 6d8:	c3d8                	sw	a4,4(a5)
	RCC->APB2PCENR |= RCC_APB2Periph_ADC1;
 6da:	4f98                	lw	a4,24(a5)
 6dc:	20076713          	ori	a4,a4,512
 6e0:	cf98                	sw	a4,24(a5)
	GPIOD->CFGLR &= ~(0xf << (4 * 4));
 6e2:	40011737          	lui	a4,0x40011
 6e6:	40070713          	addi	a4,a4,1024 # 40011400 <_eusrstack+0x20010c00>
 6ea:	4314                	lw	a3,0(a4)
 6ec:	8ef1                	and	a3,a3,a2
 6ee:	c314                	sw	a3,0(a4)

	// Reset the ADC to init all regs
	RCC->APB2PRSTR |= RCC_APB2Periph_ADC1;
 6f0:	47d8                	lw	a4,12(a5)
 6f2:	20076713          	ori	a4,a4,512
 6f6:	c7d8                	sw	a4,12(a5)
	RCC->APB2PRSTR &= ~RCC_APB2Periph_ADC1;
 6f8:	47d8                	lw	a4,12(a5)
 6fa:	dff77713          	andi	a4,a4,-513
 6fe:	c7d8                	sw	a4,12(a5)

	// Set up four conversions on chl 7, 4, 3, 2
	ADC1->RSQR1 = 0 << 20; // four chls in the sequence
 700:	400127b7          	lui	a5,0x40012
 704:	40078793          	addi	a5,a5,1024 # 40012400 <_eusrstack+0x20011c00>
 708:	0207a623          	sw	zero,44(a5)
	ADC1->RSQR2 = 0;
 70c:	0207a823          	sw	zero,48(a5)
	ADC1->RSQR3 = 7 << (5 * 0);
 710:	471d                	li	a4,7
 712:	dbd8                	sw	a4,52(a5)

	// set sampling time for chl 7, 4, 3, 2
	// 0:7 => 3/9/15/30/43/57/73/241 cycles
	ADC1->SAMPTR2 = 7 << (3 * 7);
 714:	00e00737          	lui	a4,0xe00
 718:	cb98                	sw	a4,16(a5)

	// turn on ADC
	ADC1->CTLR2 |= ADC_ADON;
 71a:	4798                	lw	a4,8(a5)
 71c:	00176713          	ori	a4,a4,1
 720:	c798                	sw	a4,8(a5)

	// Reset calibration
	ADC1->CTLR2 |= ADC_RSTCAL;
 722:	4798                	lw	a4,8(a5)
 724:	00876713          	ori	a4,a4,8
 728:	c798                	sw	a4,8(a5)
	while (ADC1->CTLR2 & ADC_RSTCAL)
 72a:	4798                	lw	a4,8(a5)
 72c:	8b21                	andi	a4,a4,8
 72e:	ff75                	bnez	a4,72a <main+0x76>
		;

	// Calibrate
	ADC1->CTLR2 |= ADC_CAL;
 730:	4798                	lw	a4,8(a5)
 732:	00476713          	ori	a4,a4,4
 736:	c798                	sw	a4,8(a5)
	while (ADC1->CTLR2 & ADC_CAL)
 738:	400127b7          	lui	a5,0x40012
 73c:	40078793          	addi	a5,a5,1024 # 40012400 <_eusrstack+0x20011c00>
 740:	4798                	lw	a4,8(a5)
 742:	8b11                	andi	a4,a4,4
 744:	ff75                	bnez	a4,740 <main+0x8c>
		;

	// Turn on DMA
	RCC->AHBPCENR |= RCC_AHBPeriph_DMA1;
 746:	400216b7          	lui	a3,0x40021
 74a:	4ad8                	lw	a4,20(a3)
 74c:	00176713          	ori	a4,a4,1
 750:	cad8                	sw	a4,20(a3)

	// DMA1_Channel1 is for ADC
	DMA1_Channel1->PADDR = (uint32_t)&ADC1->RDATAR;
 752:	400126b7          	lui	a3,0x40012
 756:	40020737          	lui	a4,0x40020
 75a:	44c68693          	addi	a3,a3,1100 # 4001244c <_eusrstack+0x20011c4c>
 75e:	cb14                	sw	a3,16(a4)
	DMA1_Channel1->MADDR = (uint32_t)adc_buffer;
 760:	c0418693          	addi	a3,gp,-1020 # 20000000 <adc_buffer>
 764:	cb54                	sw	a3,20(a4)
	DMA1_Channel1->CNTR = 1;
 766:	4685                	li	a3,1
 768:	c754                	sw	a3,12(a4)
	DMA1_Channel1->CFGR = DMA_M2M_Disable | DMA_Priority_VeryHigh | DMA_MemoryDataSize_HalfWord |
 76a:	668d                	lui	a3,0x3
 76c:	5a068693          	addi	a3,a3,1440 # 35a0 <blink.c.11f1f337+0x11ef>
 770:	c714                	sw	a3,8(a4)
			      DMA_PeripheralDataSize_HalfWord | DMA_MemoryInc_Enable | DMA_Mode_Circular |
			      DMA_DIR_PeripheralSRC;

	// Turn on DMA channel 1
	DMA1_Channel1->CFGR |= DMA_CFGR1_EN;
 772:	4714                	lw	a3,8(a4)
 774:	0016e693          	ori	a3,a3,1
 778:	c714                	sw	a3,8(a4)

	// enable scanning
	ADC1->CTLR1 |= ADC_SCAN;
 77a:	43d8                	lw	a4,4(a5)

	// Enable continuous conversion and DMA
	ADC1->CTLR2 |= ADC_CONT | ADC_DMA | ADC_EXTSEL;
 77c:	000e06b7          	lui	a3,0xe0
 780:	10268693          	addi	a3,a3,258 # e0102 <blink.c.11f1f337+0xddd51>
	ADC1->CTLR1 |= ADC_SCAN;
 784:	10076713          	ori	a4,a4,256
 788:	c3d8                	sw	a4,4(a5)
	ADC1->CTLR2 |= ADC_CONT | ADC_DMA | ADC_EXTSEL;
 78a:	4798                	lw	a4,8(a5)
 78c:	8f55                	or	a4,a4,a3
 78e:	c798                	sw	a4,8(a5)

	// start conversion
	ADC1->CTLR2 |= ADC_SWSTART;
 790:	4798                	lw	a4,8(a5)
 792:	004006b7          	lui	a3,0x400
 796:	8f55                	or	a4,a4,a3
 798:	c798                	sw	a4,8(a5)

	// turn on the op-amp
	EXTEN->EXTEN_CTR |= EXTEN_OPA_EN;
 79a:	400247b7          	lui	a5,0x40024
 79e:	80078793          	addi	a5,a5,-2048 # 40023800 <_eusrstack+0x20023000>
 7a2:	4398                	lw	a4,0(a5)
 7a4:	66c1                	lui	a3,0x10
 7a6:	8f55                	or	a4,a4,a3
 7a8:	c398                	sw	a4,0(a5)

	EXTEN->EXTEN_CTR &= ~EXTEN_OPA_PSEL;
 7aa:	4398                	lw	a4,0(a5)
 7ac:	fffc06b7          	lui	a3,0xfffc0
 7b0:	16fd                	addi	a3,a3,-1 # fffbffff <_eusrstack+0xdffbf7ff>
 7b2:	8f75                	and	a4,a4,a3
 7b4:	c398                	sw	a4,0(a5)
	EXTEN->EXTEN_CTR &= ~EXTEN_OPA_NSEL;
 7b6:	4398                	lw	a4,0(a5)
 7b8:	7681                	lui	a3,0xfffe0
 7ba:	16fd                	addi	a3,a3,-1 # fffdffff <_eusrstack+0xdffdf7ff>
 7bc:	8f75                	and	a4,a4,a3
 7be:	c398                	sw	a4,0(a5)

	while (1) {
		while (!(DMA1->INTFR & DMA1_FLAG_TC1))
 7c0:	40020737          	lui	a4,0x40020
 7c4:	431c                	lw	a5,0(a4)
 7c6:	8b89                	andi	a5,a5,2
 7c8:	dff5                	beqz	a5,7c4 <main+0x110>
			;
		DMA1->INTFCR = DMA1_FLAG_TC1;
 7ca:	4789                	li	a5,2
 7cc:	c35c                	sw	a5,4(a4)

		printf("%d\n", adc_buffer[0]);
 7ce:	c041d583          	lhu	a1,-1020(gp) # 20000000 <adc_buffer>
 7d2:	4501                	li	a0,0
 7d4:	7f400513          	li	a0,2036
 7d8:	359d                	jal	63e <printf>
	uint32_t targend = SysTick->CNT + n;
 7da:	e000f6b7          	lui	a3,0xe000f
 7de:	4698                	lw	a4,8(a3)
 7e0:	000927b7          	lui	a5,0x92
 7e4:	7c078793          	addi	a5,a5,1984 # 927c0 <blink.c.11f1f337+0x9040f>
 7e8:	973e                	add	a4,a4,a5
	while( ((int32_t)( SysTick->CNT - targend )) < 0 );
 7ea:	469c                	lw	a5,8(a3)
 7ec:	8f99                	sub	a5,a5,a4
 7ee:	fe07cee3          	bltz	a5,7ea <main+0x136>
 7f2:	b7f9                	j	7c0 <main+0x10c>
 7f4:	6425                	lui	s0,0x9
 7f6:	000a                	c.slli	zero,0x2
